ARM Linker, 5.03 [Build 76] [MDK-ARM Lite]

==============================================================================

Section Cross References

    main.o(i.GVGE_ANT__MAIN) refers to malloc.o(i.malloc) for malloc
    main.o(i.GVGE_ANT__MAIN) refers to gvge_ant.o(i.GVGE_ANT__INITDISPLAY) for GVGE_ANT__INITDISPLAY
    main.o(i.GVGE_ANT__MAIN) refers to gvge_ant.o(i.ANT__create) for ANT__create
    main.o(i.GVGE_ANT__MAIN) refers to gvge_ant.o(i.ANT__draw) for ANT__draw
    main.o(i.GVGE_ANT__MAIN) refers to nokia5110.o(i.Nokia5110_Clear) for Nokia5110_Clear
    main.o(i.GVGE_ANT__MAIN) refers to nokia5110.o(i.Nokia5110_ClearBuffer) for Nokia5110_ClearBuffer
    main.o(i.GVGE_ANT__MAIN) refers to gvge_ant.o(i.ANT__update) for ANT__update
    main.o(i.GVGE_ANT__MAIN) refers to gvge_ant.o(i.GVGE_ANT__SHOWDISPLAY) for GVGE_ANT__SHOWDISPLAY
    main.o(i.GVGE_ANT__MAIN) refers to nokia5110.o(i.Nokia5110_DisplayBuffer) for Nokia5110_DisplayBuffer
    main.o(i.GVGE_ANT__MAIN) refers to gvge_ant.o(.constdata) for W
    main.o(i.GVGE_ANT__MAIN) refers to gvge_ant.o(.constdata) for H
    main.o(i.GVGE_ANT__MAIN) refers to main.o(.data) for .data
    main.o(i.GVGE_CLOCK__MAIN) refers to _scanf_int.o(.text) for _scanf_int
    main.o(i.GVGE_CLOCK__MAIN) refers to setup.o(i.CHAR_TX) for CHAR_TX
    main.o(i.GVGE_CLOCK__MAIN) refers to setup.o(i.STRING_TX) for STRING_TX
    main.o(i.GVGE_CLOCK__MAIN) refers to strstr.o(.text) for strstr
    main.o(i.GVGE_CLOCK__MAIN) refers to strlen.o(.text) for strlen
    main.o(i.GVGE_CLOCK__MAIN) refers to memseta.o(.text) for __aeabi_memclr4
    main.o(i.GVGE_CLOCK__MAIN) refers to __0sscanf.o(.text) for __0sscanf
    main.o(i.GVGE_CLOCK__MAIN) refers to memcpya.o(.text) for __aeabi_memcpy4
    main.o(i.GVGE_CLOCK__MAIN) refers to mktime.o(.text) for mktime
    main.o(i.GVGE_CLOCK__MAIN) refers to nokia5110.o(i.Nokia5110_Clear) for Nokia5110_Clear
    main.o(i.GVGE_CLOCK__MAIN) refers to nokia5110.o(i.Nokia5110_ClearBuffer) for Nokia5110_ClearBuffer
    main.o(i.GVGE_CLOCK__MAIN) refers to main.o(i.time) for time
    main.o(i.GVGE_CLOCK__MAIN) refers to localtime_w.o(.text) for localtime
    main.o(i.GVGE_CLOCK__MAIN) refers to strftime.o(.text) for strftime
    main.o(i.GVGE_CLOCK__MAIN) refers to nokia5110.o(i.text) for text
    main.o(i.GVGE_CLOCK__MAIN) refers to gvge.o(i.GVGE__SCREEN_INVERT) for GVGE__SCREEN_INVERT
    main.o(i.GVGE_CLOCK__MAIN) refers to nokia5110.o(i.Nokia5110_DisplayBuffer) for Nokia5110_DisplayBuffer
    main.o(i.GVGE_CLOCK__MAIN) refers to main.o(.data) for .data
    main.o(i.GVGE_CLOCK__MAIN) refers to main.o(.constdata) for .constdata
    main.o(i.SysTick_Handler) refers to main.o(.data) for .data
    main.o(i.main) refers to nokia5110.o(i.Nokia5110_Init) for Nokia5110_Init
    main.o(i.main) refers to nokia5110.o(i.Nokia5110_ClearBuffer) for Nokia5110_ClearBuffer
    main.o(i.main) refers to setup.o(i.SETUP_ADC) for SETUP_ADC
    main.o(i.main) refers to setup.o(i.SETUP_UART0) for SETUP_UART0
    main.o(i.main) refers to setup.o(i.SETUP_PORTD) for SETUP_PORTD
    main.o(i.main) refers to setup.o(i.SETUP_PORTF) for SETUP_PORTF
    main.o(i.main) refers to setup.o(i.TIMER_1MS) for TIMER_1MS
    main.o(i.main) refers to gvge.o(i.BTN__create) for BTN__create
    main.o(i.main) refers to gvge.o(i.BTN_ROW__create) for BTN_ROW__create
    main.o(i.main) refers to nokia5110.o(i.Nokia5110_DisplayBuffer) for Nokia5110_DisplayBuffer
    main.o(i.main) refers to setup.o(i.IS_THERE_A_CHAR) for IS_THERE_A_CHAR
    main.o(i.main) refers to setup.o(i.CHAR_RX) for CHAR_RX
    main.o(i.main) refers to gvge.o(i.BTN_ROW__BTNS) for BTN_ROW__BTNS
    main.o(i.main) refers to main.o(i.tempUpdate) for tempUpdate
    main.o(i.main) refers to gvge.o(i.BTN__reset) for BTN__reset
    main.o(i.main) refers to setup.o(i.CHAR_TX) for CHAR_TX
    main.o(i.main) refers to gvge.o(i.BTN__destroy) for BTN__destroy
    main.o(i.main) refers to gvge.o(i.BTN__click) for BTN__click
    main.o(i.main) refers to main.o(i.GVGE_CLOCK__MAIN) for GVGE_CLOCK__MAIN
    main.o(i.main) refers to main.o(.data) for .data
    main.o(i.main) refers to main.o(i.GVGE_ANT__MAIN) for GVGE_ANT__MAIN
    main.o(i.tempUpdate) refers to main.o(.data) for .data
    main.o(i.time) refers to main.o(.data) for .data
    main.o(.data) refers to main.o(.data) for CLOCK_ICON0
    main.o(.data) refers to main.o(.data) for CLOCK_ICON1
    main.o(.data) refers to main.o(.data) for CALC_ICON0
    main.o(.data) refers to main.o(.data) for CALC_ICON1
    main.o(.data) refers to main.o(.data) for ANT_ICON0
    main.o(.data) refers to main.o(.data) for ANT_ICON1
    startup_tm4c123.o(RESET) refers to startup_tm4c123.o(STACK) for StackMem
    startup_tm4c123.o(RESET) refers to main.o(i.SysTick_Handler) for SysTick_Handler
    startup_tm4c123.o(RESET) refers to entry.o(.ARM.Collect$$$$00000000) for __main
[...]
    rand.o(.text) refers to rand.o(.data) for .data
    localtime.o(.text) refers to localtime.o(.bss) for .bss
    localtime.o(.text) refers to localtime.o(.constdata) for .constdata
    mktime.o(.text) refers to localtime_i.o(.text) for _localtime
    mktime.o(.text) refers to mktime.o(.constdata) for .constdata
    strftime.o(.text) refers to strftime.o(.constdata) for .constdata
    asctime_s.o(.text) refers to strftime.o(.text) for strftime
    asctime_s.o(.text) refers to asctime_s.o(.bss) for .bss
    printfb.o(i.__0fprintf$bare) refers to printfb.o(i._printf_core) for _printf_core
    printfb.o(i.__0fprintf$bare) refers to fputc.o(i.fputc) for fputc
    printfb.o(i.__0printf$bare) refers to printfb.o(i._printf_core) for _printf_core
    printfb.o(i.__0printf$bare) refers to fputc.o(i.fputc) for fputc
    printfb.o(i.__0printf$bare) refers to stdout.o(.data) for __stdout
    printfb.o(i.__0snprintf$bare) refers to printfb.o(i._printf_core) for _printf_core
    printfb.o(i.__0snprintf$bare) refers to printfb.o(i._snputc) for _snputc
    printfb.o(i.__0sprintf$bare) refers to printfb.o(i._printf_core) for _printf_core
    printfb.o(i.__0sprintf$bare) refers to printfb.o(i._sputc) for _sputc
    printfb.o(i.__0vfprintf$bare) refers to printfb.o(i._printf_core) for _printf_core
    printfb.o(i.__0vfprintf$bare) refers to fputc.o(i.fputc) for fputc
    printfb.o(i.__0vprintf$bare) refers to printfb.o(i._printf_core) for _printf_core
    printfb.o(i.__0vprintf$bare) refers to fputc.o(i.fputc) for fputc
    printfb.o(i.__0vprintf$bare) refers to stdout.o(.data) for __stdout
    printfb.o(i.__0vsnprintf$bare) refers to printfb.o(i._printf_core) for _printf_core
    printfb.o(i.__0vsnprintf$bare) refers to printfb.o(i._snputc) for _snputc
    printfb.o(i.__0vsprintf$bare) refers to printfb.o(i._printf_core) for _printf_core
    printfb.o(i.__0vsprintf$bare) refers to printfb.o(i._sputc) for _sputc
    printf0.o(i.__0fprintf$0) refers to printf0.o(i._printf_core) for _printf_core
    printf0.o(i.__0fprintf$0) refers to fputc.o(i.fputc) for fputc
    printf0.o(i.__0printf$0) refers to printf0.o(i._printf_core) for _printf_core
    printf0.o(i.__0printf$0) refers to fputc.o(i.fputc) for fputc
    printf0.o(i.__0printf$0) refers to stdout.o(.data) for __stdout
    printf0.o(i.__0snprintf$0) refers to printf0.o(i._printf_core) for _printf_core
    printf0.o(i.__0snprintf$0) refers to printf0.o(i._snputc) for _snputc
    printf0.o(i.__0sprintf$0) refers to printf0.o(i._printf_core) for _printf_core
    printf0.o(i.__0sprintf$0) refers to printf0.o(i._sputc) for _sputc
    printf0.o(i.__0vfprintf$0) refers to printf0.o(i._printf_core) for _printf_core
    printf0.o(i.__0vfprintf$0) refers to fputc.o(i.fputc) for fputc
    printf0.o(i.__0vprintf$0) refers to printf0.o(i._printf_core) for _printf_core
    printf0.o(i.__0vprintf$0) refers to fputc.o(i.fputc) for fputc
    printf0.o(i.__0vprintf$0) refers to stdout.o(.data) for __stdout
    printf0.o(i.__0vsnprintf$0) refers to printf0.o(i._printf_core) for _printf_core
    printf0.o(i.__0vsnprintf$0) refers to printf0.o(i._snputc) for _snputc
    printf0.o(i.__0vsprintf$0) refers to printf0.o(i._printf_core) for _printf_core
    printf0.o(i.__0vsprintf$0) refers to printf0.o(i._sputc) for _sputc
    printf1.o(i.__0fprintf$1) refers to printf1.o(i._printf_core) for _printf_core
    printf1.o(i.__0fprintf$1) refers to fputc.o(i.fputc) for fputc
    printf1.o(i.__0printf$1) refers to printf1.o(i._printf_core) for _printf_core
    printf1.o(i.__0printf$1) refers to fputc.o(i.fputc) for fputc
    printf1.o(i.__0printf$1) refers to stdout.o(.data) for __stdout
    printf1.o(i.__0snprintf$1) refers to printf1.o(i._printf_core) for _printf_core
    printf1.o(i.__0snprintf$1) refers to printf1.o(i._snputc) for _snputc
    printf1.o(i.__0sprintf$1) refers to printf1.o(i._printf_core) for _printf_core
    printf1.o(i.__0sprintf$1) refers to printf1.o(i._sputc) for _sputc
    printf1.o(i.__0vfprintf$1) refers to printf1.o(i._printf_core) for _printf_core
    printf1.o(i.__0vfprintf$1) refers to fputc.o(i.fputc) for fputc
    printf1.o(i.__0vprintf$1) refers to printf1.o(i._printf_core) for _printf_core
    printf1.o(i.__0vprintf$1) refers to fputc.o(i.fputc) for fputc
    printf1.o(i.__0vprintf$1) refers to stdout.o(.data) for __stdout
    printf1.o(i.__0vsnprintf$1) refers to printf1.o(i._printf_core) for _printf_core
    printf1.o(i.__0vsnprintf$1) refers to printf1.o(i._snputc) for _snputc
    printf1.o(i.__0vsprintf$1) refers to printf1.o(i._printf_core) for _printf_core
    printf1.o(i.__0vsprintf$1) refers to printf1.o(i._sputc) for _sputc
    printf1.o(i._printf_core) refers to uidiv.o(.text) for __aeabi_uidivmod
    printf2.o(i.__0fprintf$2) refers to printf2.o(i._printf_core) for _printf_core
    printf2.o(i.__0fprintf$2) refers to fputc.o(i.fputc) for fputc
    printf2.o(i.__0printf$2) refers to printf2.o(i._printf_core) for _printf_core
    printf2.o(i.__0printf$2) refers to fputc.o(i.fputc) for fputc
    printf2.o(i.__0printf$2) refers to stdout.o(.data) for __stdout
    printf2.o(i.__0snprintf$2) refers to printf2.o(i._printf_core) for _printf_core
    printf2.o(i.__0snprintf$2) refers to printf2.o(i._snputc) for _snputc
    printf2.o(i.__0sprintf$2) refers to printf2.o(i._printf_core) for _printf_core
    printf2.o(i.__0sprintf$2) refers to printf2.o(i._sputc) for _sputc
    printf2.o(i.__0vfprintf$2) refers to printf2.o(i._printf_core) for _printf_core
    printf2.o(i.__0vfprintf$2) refers to fputc.o(i.fputc) for fputc
    printf2.o(i.__0vprintf$2) refers to printf2.o(i._printf_core) for _printf_core
    printf2.o(i.__0vprintf$2) refers to fputc.o(i.fputc) for fputc
    printf2.o(i.__0vprintf$2) refers to stdout.o(.data) for __stdout
    printf2.o(i.__0vsnprintf$2) refers to printf2.o(i._printf_core) for _printf_core
    printf2.o(i.__0vsnprintf$2) refers to printf2.o(i._snputc) for _snputc
    printf2.o(i.__0vsprintf$2) refers to printf2.o(i._printf_core) for _printf_core
    printf2.o(i.__0vsprintf$2) refers to printf2.o(i._sputc) for _sputc
    printf3.o(i.__0fprintf$3) refers to printf3.o(i._printf_core) for _printf_core
    printf3.o(i.__0fprintf$3) refers to fputc.o(i.fputc) for fputc
    printf3.o(i.__0printf$3) refers to printf3.o(i._printf_core) for _printf_core
    printf3.o(i.__0printf$3) refers to fputc.o(i.fputc) for fputc
    printf3.o(i.__0printf$3) refers to stdout.o(.data) for __stdout
    printf3.o(i.__0snprintf$3) refers to printf3.o(i._printf_core) for _printf_core
    printf3.o(i.__0snprintf$3) refers to printf3.o(i._snputc) for _snputc
    printf3.o(i.__0sprintf$3) refers to printf3.o(i._printf_core) for _printf_core
    printf3.o(i.__0sprintf$3) refers to printf3.o(i._sputc) for _sputc
    printf3.o(i.__0vfprintf$3) refers to printf3.o(i._printf_core) for _printf_core
    printf3.o(i.__0vfprintf$3) refers to fputc.o(i.fputc) for fputc
    printf3.o(i.__0vprintf$3) refers to printf3.o(i._printf_core) for _printf_core
    printf3.o(i.__0vprintf$3) refers to fputc.o(i.fputc) for fputc
    printf3.o(i.__0vprintf$3) refers to stdout.o(.data) for __stdout
    printf3.o(i.__0vsnprintf$3) refers to printf3.o(i._printf_core) for _printf_core
    printf3.o(i.__0vsnprintf$3) refers to printf3.o(i._snputc) for _snputc
    printf3.o(i.__0vsprintf$3) refers to printf3.o(i._printf_core) for _printf_core
    printf3.o(i.__0vsprintf$3) refers to printf3.o(i._sputc) for _sputc
    printf3.o(i._printf_core) refers to uidiv.o(.text) for __aeabi_uidivmod
    printf4.o(i.__0fprintf$4) refers to printf4.o(i._printf_core) for _printf_core
    printf4.o(i.__0fprintf$4) refers to fputc.o(i.fputc) for fputc
    printf4.o(i.__0printf$4) refers to printf4.o(i._printf_core) for _printf_core
    printf4.o(i.__0printf$4) refers to fputc.o(i.fputc) for fputc
    printf4.o(i.__0printf$4) refers to stdout.o(.data) for __stdout
    printf4.o(i.__0snprintf$4) refers to printf4.o(i._printf_core) for _printf_core
    printf4.o(i.__0snprintf$4) refers to printf4.o(i._snputc) for _snputc
    printf4.o(i.__0sprintf$4) refers to printf4.o(i._printf_core) for _printf_core
    printf4.o(i.__0sprintf$4) refers to printf4.o(i._sputc) for _sputc
    printf4.o(i.__0vfprintf$4) refers to printf4.o(i._printf_core) for _printf_core
    printf4.o(i.__0vfprintf$4) refers to fputc.o(i.fputc) for fputc
    printf4.o(i.__0vprintf$4) refers to printf4.o(i._printf_core) for _printf_core
    printf4.o(i.__0vprintf$4) refers to fputc.o(i.fputc) for fputc
    printf4.o(i.__0vprintf$4) refers to stdout.o(.data) for __stdout
    printf4.o(i.__0vsnprintf$4) refers to printf4.o(i._printf_core) for _printf_core
    printf4.o(i.__0vsnprintf$4) refers to printf4.o(i._snputc) for _snputc
    printf4.o(i.__0vsprintf$4) refers to printf4.o(i._printf_core) for _printf_core
    printf4.o(i.__0vsprintf$4) refers to printf4.o(i._sputc) for _sputc
    printf4.o(i._printf_core) refers to uldiv.o(.text) for __aeabi_uldivmod
    printf5.o(i.__0fprintf$5) refers to printf5.o(i._printf_core) for _printf_core
    printf5.o(i.__0fprintf$5) refers to fputc.o(i.fputc) for fputc
    printf5.o(i.__0printf$5) refers to printf5.o(i._printf_core) for _printf_core
    printf5.o(i.__0printf$5) refers to fputc.o(i.fputc) for fputc
    printf5.o(i.__0printf$5) refers to stdout.o(.data) for __stdout
    printf5.o(i.__0snprintf$5) refers to printf5.o(i._printf_core) for _printf_core
    printf5.o(i.__0snprintf$5) refers to printf5.o(i._snputc) for _snputc
    printf5.o(i.__0sprintf$5) refers to printf5.o(i._printf_core) for _printf_core
    printf5.o(i.__0sprintf$5) refers to printf5.o(i._sputc) for _sputc
    printf5.o(i.__0vfprintf$5) refers to printf5.o(i._printf_core) for _printf_core
    printf5.o(i.__0vfprintf$5) refers to fputc.o(i.fputc) for fputc
    printf5.o(i.__0vprintf$5) refers to printf5.o(i._printf_core) for _printf_core
    printf5.o(i.__0vprintf$5) refers to fputc.o(i.fputc) for fputc
    printf5.o(i.__0vprintf$5) refers to stdout.o(.data) for __stdout
    printf5.o(i.__0vsnprintf$5) refers to printf5.o(i._printf_core) for _printf_core
    printf5.o(i.__0vsnprintf$5) refers to printf5.o(i._snputc) for _snputc
    printf5.o(i.__0vsprintf$5) refers to printf5.o(i._printf_core) for _printf_core
    printf5.o(i.__0vsprintf$5) refers to printf5.o(i._sputc) for _sputc
    printf5.o(i._printf_core) refers to uldiv.o(.text) for __aeabi_uldivmod
    printf6.o(i.__0fprintf$6) refers to printf6.o(i._printf_core) for _printf_core
    printf6.o(i.__0fprintf$6) refers to fputc.o(i.fputc) for fputc
    printf6.o(i.__0printf$6) refers to printf6.o(i._printf_core) for _printf_core
    printf6.o(i.__0printf$6) refers to fputc.o(i.fputc) for fputc
    printf6.o(i.__0printf$6) refers to stdout.o(.data) for __stdout
    printf6.o(i.__0snprintf$6) refers to printf6.o(i._printf_core) for _printf_core
    printf6.o(i.__0snprintf$6) refers to printf6.o(i._snputc) for _snputc
    printf6.o(i.__0sprintf$6) refers to printf6.o(i._printf_core) for _printf_core
    printf6.o(i.__0sprintf$6) refers to printf6.o(i._sputc) for _sputc
    printf6.o(i.__0vfprintf$6) refers to printf6.o(i._printf_core) for _printf_core
    printf6.o(i.__0vfprintf$6) refers to fputc.o(i.fputc) for fputc
    printf6.o(i.__0vprintf$6) refers to printf6.o(i._printf_core) for _printf_core
    printf6.o(i.__0vprintf$6) refers to fputc.o(i.fputc) for fputc
    printf6.o(i.__0vprintf$6) refers to stdout.o(.data) for __stdout
    printf6.o(i.__0vsnprintf$6) refers to printf6.o(i._printf_core) for _printf_core
    printf6.o(i.__0vsnprintf$6) refers to printf6.o(i._snputc) for _snputc
    printf6.o(i.__0vsprintf$6) refers to printf6.o(i._printf_core) for _printf_core
    printf6.o(i.__0vsprintf$6) refers to printf6.o(i._sputc) for _sputc
    printf6.o(i._printf_core) refers to printf6.o(i._printf_pre_padding) for _printf_pre_padding
    printf6.o(i._printf_core) refers to uidiv.o(.text) for __aeabi_uidivmod
    printf6.o(i._printf_core) refers to printf6.o(i._printf_post_padding) for _printf_post_padding
    printf7.o(i.__0fprintf$7) refers to printf7.o(i._printf_core) for _printf_core
    printf7.o(i.__0fprintf$7) refers to fputc.o(i.fputc) for fputc
    printf7.o(i.__0printf$7) refers to printf7.o(i._printf_core) for _printf_core
    printf7.o(i.__0printf$7) refers to fputc.o(i.fputc) for fputc
    printf7.o(i.__0printf$7) refers to stdout.o(.data) for __stdout
    printf7.o(i.__0snprintf$7) refers to printf7.o(i._printf_core) for _printf_core
    printf7.o(i.__0snprintf$7) refers to printf7.o(i._snputc) for _snputc
    printf7.o(i.__0sprintf$7) refers to printf7.o(i._printf_core) for _printf_core
    printf7.o(i.__0sprintf$7) refers to printf7.o(i._sputc) for _sputc
    printf7.o(i.__0vfprintf$7) refers to printf7.o(i._printf_core) for _printf_core
    printf7.o(i.__0vfprintf$7) refers to fputc.o(i.fputc) for fputc
    printf7.o(i.__0vprintf$7) refers to printf7.o(i._printf_core) for _printf_core
    printf7.o(i.__0vprintf$7) refers to fputc.o(i.fputc) for fputc
    printf7.o(i.__0vprintf$7) refers to stdout.o(.data) for __stdout
    printf7.o(i.__0vsnprintf$7) refers to printf7.o(i._printf_core) for _printf_core
    printf7.o(i.__0vsnprintf$7) refers to printf7.o(i._snputc) for _snputc
    printf7.o(i.__0vsprintf$7) refers to printf7.o(i._printf_core) for _printf_core
    printf7.o(i.__0vsprintf$7) refers to printf7.o(i._sputc) for _sputc
    printf7.o(i._printf_core) refers to printf7.o(i._printf_pre_padding) for _printf_pre_padding
    printf7.o(i._printf_core) refers to uldiv.o(.text) for __aeabi_uldivmod
    printf7.o(i._printf_core) refers to printf7.o(i._printf_post_padding) for _printf_post_padding
    printf8.o(i.__0fprintf$8) refers to printf8.o(i._printf_core) for _printf_core
    printf8.o(i.__0fprintf$8) refers to fputc.o(i.fputc) for fputc
    printf8.o(i.__0printf$8) refers to printf8.o(i._printf_core) for _printf_core
    printf8.o(i.__0printf$8) refers to fputc.o(i.fputc) for fputc
    printf8.o(i.__0printf$8) refers to stdout.o(.data) for __stdout
    printf8.o(i.__0snprintf$8) refers to printf8.o(i._printf_core) for _printf_core
    printf8.o(i.__0snprintf$8) refers to printf8.o(i._snputc) for _snputc
    printf8.o(i.__0sprintf$8) refers to printf8.o(i._printf_core) for _printf_core
    printf8.o(i.__0sprintf$8) refers to printf8.o(i._sputc) for _sputc
    printf8.o(i.__0vfprintf$8) refers to printf8.o(i._printf_core) for _printf_core
    printf8.o(i.__0vfprintf$8) refers to fputc.o(i.fputc) for fputc
    printf8.o(i.__0vprintf$8) refers to printf8.o(i._printf_core) for _printf_core
    printf8.o(i.__0vprintf$8) refers to fputc.o(i.fputc) for fputc
    printf8.o(i.__0vprintf$8) refers to stdout.o(.data) for __stdout
    printf8.o(i.__0vsnprintf$8) refers to printf8.o(i._printf_core) for _printf_core
    printf8.o(i.__0vsnprintf$8) refers to printf8.o(i._snputc) for _snputc
    printf8.o(i.__0vsprintf$8) refers to printf8.o(i._printf_core) for _printf_core
    printf8.o(i.__0vsprintf$8) refers to printf8.o(i._sputc) for _sputc
    printf8.o(i._printf_core) refers to printf8.o(i._printf_pre_padding) for _printf_pre_padding
    printf8.o(i._printf_core) refers to uldiv.o(.text) for __aeabi_uldivmod
    printf8.o(i._printf_core) refers to printf8.o(i._printf_post_padding) for _printf_post_padding
    printfa.o(i.__0fprintf) refers (Special) to iusefp.o(.text) for __I$use$fp
    printfa.o(i.__0fprintf) refers to printfa.o(i._printf_core) for _printf_core
    printfa.o(i.__0fprintf) refers to fputc.o(i.fputc) for fputc
    printfa.o(i.__0printf) refers (Special) to iusefp.o(.text) for __I$use$fp
    printfa.o(i.__0printf) refers to printfa.o(i._printf_core) for _printf_core
    printfa.o(i.__0printf) refers to fputc.o(i.fputc) for fputc
    printfa.o(i.__0printf) refers to stdout.o(.data) for __stdout
    printfa.o(i.__0snprintf) refers (Special) to iusefp.o(.text) for __I$use$fp
    printfa.o(i.__0snprintf) refers to printfa.o(i._printf_core) for _printf_core
    printfa.o(i.__0snprintf) refers to printfa.o(i._snputc) for _snputc
    printfa.o(i.__0sprintf) refers (Special) to iusefp.o(.text) for __I$use$fp
    printfa.o(i.__0sprintf) refers to printfa.o(i._printf_core) for _printf_core
    printfa.o(i.__0sprintf) refers to printfa.o(i._sputc) for _sputc
    printfa.o(i.__0vfprintf) refers (Special) to iusefp.o(.text) for __I$use$fp
    printfa.o(i.__0vfprintf) refers to printfa.o(i._printf_core) for _printf_core
    printfa.o(i.__0vfprintf) refers to fputc.o(i.fputc) for fputc
    printfa.o(i.__0vprintf) refers (Special) to iusefp.o(.text) for __I$use$fp
    printfa.o(i.__0vprintf) refers to printfa.o(i._printf_core) for _printf_core
    printfa.o(i.__0vprintf) refers to fputc.o(i.fputc) for fputc
    printfa.o(i.__0vprintf) refers to stdout.o(.data) for __stdout
    printfa.o(i.__0vsnprintf) refers (Special) to iusefp.o(.text) for __I$use$fp
    printfa.o(i.__0vsnprintf) refers to printfa.o(i._printf_core) for _printf_core
    printfa.o(i.__0vsnprintf) refers to printfa.o(i._snputc) for _snputc
    printfa.o(i.__0vsprintf) refers (Special) to iusefp.o(.text) for __I$use$fp
    printfa.o(i.__0vsprintf) refers to printfa.o(i._printf_core) for _printf_core
    printfa.o(i.__0vsprintf) refers to printfa.o(i._sputc) for _sputc
    printfa.o(i._fp_digits) refers (Special) to iusefp.o(.text) for __I$use$fp
    printfa.o(i._fp_digits) refers to dmul.o(.text) for __aeabi_dmul
    printfa.o(i._fp_digits) refers to ddiv.o(.text) for __aeabi_ddiv
    printfa.o(i._fp_digits) refers to cdrcmple.o(.text) for __aeabi_cdrcmple
    printfa.o(i._fp_digits) refers to dadd.o(.text) for __aeabi_dadd
    printfa.o(i._fp_digits) refers to dfixul.o(.text) for __aeabi_d2ulz
    printfa.o(i._fp_digits) refers to uldiv.o(.text) for __aeabi_uldivmod
    printfa.o(i._printf_core) refers (Special) to iusefp.o(.text) for __I$use$fp
    printfa.o(i._printf_core) refers to printfa.o(i._printf_pre_padding) for _printf_pre_padding
    printfa.o(i._printf_core) refers to uldiv.o(.text) for __aeabi_uldivmod
    printfa.o(i._printf_core) refers to printfa.o(i._printf_post_padding) for _printf_post_padding
    printfa.o(i._printf_core) refers to printfa.o(i._fp_digits) for _fp_digits
    printfa.o(i._printf_core) refers to uidiv.o(.text) for __aeabi_uidivmod
    printfa.o(i._printf_post_padding) refers (Special) to iusefp.o(.text) for __I$use$fp
    printfa.o(i._printf_pre_padding) refers (Special) to iusefp.o(.text) for __I$use$fp
    printfa.o(i._snputc) refers (Special) to iusefp.o(.text) for __I$use$fp
    printfa.o(i._sputc) refers (Special) to iusefp.o(.text) for __I$use$fp
    malloc.o(i.free) refers to mvars.o(.data) for __microlib_freelist
    malloc.o(i.malloc) refers to mvars.o(.data) for __microlib_freelist_initialised
    malloc.o(i.malloc) refers to mvars.o(.data) for __microlib_freelist
    malloc.o(i.malloc) refers to startup_tm4c123.o(HEAP) for __heap_base
    mallocr.o(i.__free$realloc) refers to mvars.o(.data) for __microlib_freelist
    mallocr.o(i.__malloc$realloc) refers to mallocr.o(i.internal_alloc) for internal_alloc
    mallocr.o(i.__malloc$realloc) refers to mvars.o(.data) for __microlib_freelist_initialised
    mallocr.o(i.__malloc$realloc) refers to startup_tm4c123.o(HEAP) for __heap_base
    mallocr.o(i.__malloc$realloc) refers to mvars.o(.data) for __microlib_freelist
    mallocr.o(i.internal_alloc) refers to memcpya.o(.text) for __aeabi_memcpy
    mallocr.o(i.internal_alloc) refers to mvars.o(.data) for __microlib_freelist
    mallocr.o(i.realloc) refers to mallocr.o(i.__free$realloc) for __free$realloc
    mallocr.o(i.realloc) refers to mallocr.o(i.internal_alloc) for internal_alloc
    mallocr.o(i.realloc) refers to mallocr.o(i.__malloc$realloc) for __malloc$realloc
    mallocr.o(i.realloc) refers to mvars.o(.data) for __microlib_freelist
    malloca.o(i.__aligned_malloc) refers to mvars.o(.data) for __microlib_freelist_initialised
    malloca.o(i.__aligned_malloc) refers to mvars.o(.data) for __microlib_freelist
    malloca.o(i.__aligned_malloc) refers to startup_tm4c123.o(HEAP) for __heap_base
    malloca.o(i.__free$memalign) refers to mvars.o(.data) for __microlib_freelist
    malloca.o(i.__malloc$memalign) refers to malloca.o(i.__aligned_malloc) for __aligned_malloc
    mallocra.o(i.__aligned_malloc$realloc) refers to mallocra.o(i.internal_alloc) for internal_alloc
    mallocra.o(i.__aligned_malloc$realloc) refers to mvars.o(.data) for __microlib_freelist_initialised
    mallocra.o(i.__aligned_malloc$realloc) refers to startup_tm4c123.o(HEAP) for __heap_base
    mallocra.o(i.__aligned_malloc$realloc) refers to mvars.o(.data) for __microlib_freelist
    mallocra.o(i.__free$realloc$memalign) refers to mvars.o(.data) for __microlib_freelist
    mallocra.o(i.__malloc$realloc$memalign) refers to mallocra.o(i.__aligned_malloc$realloc) for __aligned_malloc$realloc
    mallocra.o(i.__realloc$memalign) refers to mallocra.o(i.__free$realloc$memalign) for __free$realloc$memalign
    mallocra.o(i.__realloc$memalign) refers to mallocra.o(i.internal_alloc) for internal_alloc
    mallocra.o(i.__realloc$memalign) refers to mallocra.o(i.__malloc$realloc$memalign) for __malloc$realloc$memalign
    mallocra.o(i.__realloc$memalign) refers to mvars.o(.data) for __microlib_freelist
    mallocra.o(i.internal_alloc) refers to memcpya.o(.text) for __aeabi_memcpy
    mallocra.o(i.internal_alloc) refers to mvars.o(.data) for __microlib_freelist
    __0sscanf.o(.text) refers to scanf_char.o(.text) for __vfscanf_char
    __0sscanf.o(.text) refers to _sgetc.o(.text) for _sgetc
    _scanf_int.o(.text) refers to _chval.o(.text) for _chval
    fdiv.o(.text) refers (Special) to iusefp.o(.text) for __I$use$fp
    fdiv.o(.text) refers to fepilogue.o(.text) for _float_round
    dadd.o(.text) refers (Special) to iusefp.o(.text) for __I$use$fp
    dadd.o(.text) refers to llshl.o(.text) for __aeabi_llsl
    dadd.o(.text) refers to llsshr.o(.text) for __aeabi_lasr
    dadd.o(.text) refers to depilogue.o(.text) for _double_epilogue
    dmul.o(.text) refers (Special) to iusefp.o(.text) for __I$use$fp
    dmul.o(.text) refers to depilogue.o(.text) for _double_epilogue
    ddiv.o(.text) refers (Special) to iusefp.o(.text) for __I$use$fp
    ddiv.o(.text) refers to depilogue.o(.text) for _double_round
    dscalb.o(.text) refers (Special) to iusefp.o(.text) for __I$use$fp
    fflti.o(.text) refers (Special) to iusefp.o(.text) for __I$use$fp
    fflti.o(.text) refers to fepilogue.o(.text) for _float_epilogue
    dflti.o(.text) refers (Special) to iusefp.o(.text) for __I$use$fp
    dflti.o(.text) refers to depilogue.o(.text) for _double_epilogue
    dfixi.o(.text) refers (Special) to iusefp.o(.text) for __I$use$fp
    dfixi.o(.text) refers to llushr.o(.text) for __aeabi_llsr
    f2d.o(.text) refers (Special) to iusefp.o(.text) for __I$use$fp
    cdcmple.o(.text) refers (Special) to iusefp.o(.text) for __I$use$fp
    entry2.o(.ARM.Collect$$$$00000001) refers to entry2.o(.ARM.Collect$$$$00002712) for __lit__00000000
    entry2.o(.ARM.Collect$$$$00002712) refers to startup_tm4c123.o(STACK) for __initial_sp
    entry2.o(__vectab_stack_and_reset_area) refers to startup_tm4c123.o(STACK) for __initial_sp
    entry2.o(__vectab_stack_and_reset_area) refers to entry.o(.ARM.Collect$$$$00000000) for __main
    entry5.o(.ARM.Collect$$$$00000004) refers to init.o(.text) for __scatterload
    entry9a.o(.ARM.Collect$$$$0000000B) refers to main.o(i.main) for main
    entry9b.o(.ARM.Collect$$$$0000000C) refers to main.o(i.main) for main
    fputc.o(i.fputc) refers (Special) to iusesemip.o(.text) for __I$use$semihosting$fputc
    fputc.o(i.fputc) refers (Special) to semi.o(.text) for __semihosting_library_function
    uldiv.o(.text) refers to llushr.o(.text) for __aeabi_llsr
    uldiv.o(.text) refers to llshl.o(.text) for __aeabi_llsl
    localtime_w.o(.text) refers to localtime_i.o(.text) for _localtime
    localtime_w.o(.text) refers to localtime_w.o(.bss) for .bss
    localtime_i.o(.text) refers to localtime_i.o(.constdata) for .constdata
    scanf_char.o(.text) refers to _scanf.o(.text) for __vfscanf
    scanf_char.o(.text) refers to isspace_c.o(.text) for isspace
    depilogue.o(.text) refers to llshl.o(.text) for __aeabi_llsl
    depilogue.o(.text) refers to llushr.o(.text) for __aeabi_llsr
    dfixul.o(.text) refers to llushr.o(.text) for __aeabi_llsr
    dfixul.o(.text) refers to llshl.o(.text) for __aeabi_llsl
    init.o(.text) refers to entry5.o(.ARM.Collect$$$$00000004) for __main_after_scatterload
    isspace_c.o(.text) refers to ctype_c.o(.text) for __ctype_lookup
    _scanf.o(.text) refers (Weak) to _scanf_int.o(.text) for _scanf_int
    ctype_c.o(.text) refers to ctype_c.o(.constdata) for .constdata


==============================================================================

Removing Unused input sections from the image.

    Removing main.o(.data), (504 bytes).
    Removing main.o(.data), (1 bytes).
    Removing main.o(.data), (7 bytes).
    Removing startup_tm4c123.o(.text), (28 bytes).
    Removing nokia5110.o(i.Nokia5110_OutChar), (56 bytes).
    Removing nokia5110.o(i.Nokia5110_OutChar2), (72 bytes).
    Removing nokia5110.o(i.Nokia5110_OutString), (22 bytes).
    Removing nokia5110.o(i.Nokia5110_OutUDec), (308 bytes).
    Removing nokia5110.o(i.Nokia5110_PrintBMP), (276 bytes).
    Removing nokia5110.o(i.Nokia5110_Runner), (172 bytes).
    Removing nokia5110.o(i.Nokia5110_SetCursorChar), (90 bytes).
    Removing nokia5110.o(i.Nokia5110_TestFunctions), (108 bytes).
    Removing nokia5110.o(i.clearBitmap), (148 bytes).
    Removing nokia5110.o(i.clearBuffer), (24 bytes).
    Removing nokia5110.o(i.clearCircle), (86 bytes).
    Removing nokia5110.o(i.clearCircleLines), (146 bytes).
    Removing nokia5110.o(i.clearCirclePoints), (194 bytes).
    Removing nokia5110.o(i.clearEllipse), (316 bytes).
    Removing nokia5110.o(i.clearFilledCircle), (86 bytes).
    Removing nokia5110.o(i.clearFilledEllipse), (316 bytes).
    Removing nokia5110.o(i.clearFilledRoundRectangle), (124 bytes).
    Removing nokia5110.o(i.clearLine), (436 bytes).
    Removing nokia5110.o(i.clearRealCircle), (52 bytes).
    Removing nokia5110.o(i.clearRealFilledCircle), (52 bytes).
    Removing nokia5110.o(i.clearRectangle), (80 bytes).
    Removing nokia5110.o(i.clearRoundRectangle), (140 bytes).
    Removing nokia5110.o(i.clearVLine), (40 bytes).
    Removing nokia5110.o(i.copyToScreen), (44 bytes).
    Removing nokia5110.o(i.drawCircle), (86 bytes).
    Removing nokia5110.o(i.drawCircleLines), (146 bytes).
    Removing nokia5110.o(i.drawCirclePoints), (194 bytes).
    Removing nokia5110.o(i.drawEllipse), (316 bytes).
    Removing nokia5110.o(i.drawFilledCircle), (86 bytes).
    Removing nokia5110.o(i.drawFilledEllipse), (316 bytes).
    Removing nokia5110.o(i.drawFilledRectangle), (46 bytes).
    Removing nokia5110.o(i.drawFilledRoundRectangle), (124 bytes).
    Removing nokia5110.o(i.drawLine), (436 bytes).
    Removing nokia5110.o(i.drawRealCircle), (52 bytes).
    Removing nokia5110.o(i.drawRealFilledCircle), (52 bytes).
    Removing nokia5110.o(i.drawRoundRectangle), (140 bytes).
    Removing nokia5110.o(i.ellipseClearLines), (42 bytes).
    Removing nokia5110.o(i.ellipseClearPoints), (64 bytes).
    Removing nokia5110.o(i.ellipsePlotLines), (42 bytes).
    Removing nokia5110.o(i.ellipsePlotPoints), (64 bytes).
    Removing nokia5110.o(i.fillBuffer), (28 bytes).
    Removing nokia5110.o(i.readADC), (36 bytes).
    Removing nokia5110.o(i.readPixel), (60 bytes).
    Removing nokia5110.o(i.setContrast), (40 bytes).
    Removing nokia5110.o(.bss), (504 bytes).
    Removing setup.o(i.GET_DATA), (32 bytes).
    Removing setup.o(i.IS_CONVERSION_DONE), (16 bytes).
    Removing TivaES.obj(.text), (924 bytes).
    Removing TivaES.obj(.TI.symbol.alias), (9 bytes).
    Removing TivaES.obj(.TI.section.flags), (26 bytes).
    Removing gvge.o(i.BTN__BGCOL), (4 bytes).
    Removing gvge.o(i.BTN__FORECOL), (4 bytes).
    Removing gvge.o(i.BTN__H), (4 bytes).
    Removing gvge.o(i.BTN__HAS_PIC), (4 bytes).
    Removing gvge.o(i.BTN__POSX), (4 bytes).
    Removing gvge.o(i.BTN__POSY), (4 bytes).
    Removing gvge.o(i.BTN__W), (4 bytes).
    Removing gvge.o(i.CURSOR__MOVE), (64 bytes).
    Removing gvge.o(i.CURSOR__create), (16 bytes).
    Removing gvge.o(i.CUR__X), (4 bytes).
    Removing gvge.o(i.CUR__Y), (4 bytes).
    Removing gvge.o(i.GVGE__DATETIME_DAYSOFMONTH), (72 bytes).
    Removing gvge.o(i.GVGE__DATETIME_LEAPDAYS), (86 bytes).
    Removing gvge.o(i.GVGE__MATH_ROUND), (68 bytes).
    Removing fdiv.o(.text), (128 bytes).
    Removing dadd.o(.text), (334 bytes).
    Removing dmul.o(.text), (228 bytes).
    Removing ddiv.o(.text), (222 bytes).
    Removing dscalb.o(.text), (46 bytes).
    Removing fflti.o(.text), (18 bytes).
    Removing dflti.o(.text), (34 bytes).
    Removing dfixi.o(.text), (62 bytes).
    Removing f2d.o(.text), (38 bytes).
    Removing cdcmple.o(.text), (40 bytes).
    Removing fepilogue.o(.text), (108 bytes).
    Removing depilogue.o(.text), (190 bytes).
    Removing dfixul.o(.text), (48 bytes).
    Removing cdrcmple.o(.text), (40 bytes).

82 unused section(s) (total 9687 bytes) removed from the image.

==============================================================================

Image Symbol Table

    Local Symbols

    Symbol Name                              Value     Ov Type        Size  Object(Section)

    RESET                                    0x00000000   Section      644  startup_tm4c123.o(RESET)
    ../clib/microlib/ctype/ctype.c           0x00000000   Number         0  ctype_c.o ABSOLUTE
    ../clib/microlib/ctype/ctype.c           0x00000000   Number         0  isspace_c.o ABSOLUTE
    ../clib/microlib/division.c              0x00000000   Number         0  uldiv.o ABSOLUTE
    ../clib/microlib/division.c              0x00000000   Number         0  uidiv.o ABSOLUTE
    ../clib/microlib/init/entry.s            0x00000000   Number         0  entry11b.o ABSOLUTE
    ../clib/microlib/init/entry.s            0x00000000   Number         0  entry2.o ABSOLUTE
    ../clib/microlib/init/entry.s            0x00000000   Number         0  entry11a.o ABSOLUTE
    ../clib/microlib/init/entry.s            0x00000000   Number         0  entry10b.o ABSOLUTE
    ../clib/microlib/init/entry.s            0x00000000   Number         0  entry10a.o ABSOLUTE
    ../clib/microlib/init/entry.s            0x00000000   Number         0  entry9b.o ABSOLUTE
    ../clib/microlib/init/entry.s            0x00000000   Number         0  entry9a.o ABSOLUTE
    ../clib/microlib/init/entry.s            0x00000000   Number         0  entry8b.o ABSOLUTE
    ../clib/microlib/init/entry.s            0x00000000   Number         0  entry8a.o ABSOLUTE
    ../clib/microlib/init/entry.s            0x00000000   Number         0  entry5.o ABSOLUTE
    ../clib/microlib/init/entry.s            0x00000000   Number         0  entry7b.o ABSOLUTE
    ../clib/microlib/init/entry.s            0x00000000   Number         0  entry7a.o ABSOLUTE
    ../clib/microlib/init/entry.s            0x00000000   Number         0  entry.o ABSOLUTE
    ../clib/microlib/longlong.c              0x00000000   Number         0  llsshr.o ABSOLUTE
    ../clib/microlib/longlong.c              0x00000000   Number         0  llushr.o ABSOLUTE
    ../clib/microlib/longlong.c              0x00000000   Number         0  llshl.o ABSOLUTE
    ../clib/microlib/malloc/malloc.c         0x00000000   Number         0  mallocr.o ABSOLUTE
    ../clib/microlib/malloc/malloc.c         0x00000000   Number         0  malloca.o ABSOLUTE
    ../clib/microlib/malloc/malloc.c         0x00000000   Number         0  mallocra.o ABSOLUTE
    ../clib/microlib/malloc/malloc.c         0x00000000   Number         0  malloc.o ABSOLUTE
    ../clib/microlib/malloc/mvars.c          0x00000000   Number         0  mvars.o ABSOLUTE
    ../clib/microlib/printf/printf.c         0x00000000   Number         0  printf3.o ABSOLUTE
    ../clib/microlib/printf/printf.c         0x00000000   Number         0  printf1.o ABSOLUTE
    ../clib/microlib/printf/printf.c         0x00000000   Number         0  printf0.o ABSOLUTE
    ../clib/microlib/printf/printf.c         0x00000000   Number         0  printfb.o ABSOLUTE
    ../clib/microlib/printf/printf.c         0x00000000   Number         0  printf2.o ABSOLUTE
    ../clib/microlib/printf/printf.c         0x00000000   Number         0  printfa.o ABSOLUTE
    ../clib/microlib/printf/printf.c         0x00000000   Number         0  printf8.o ABSOLUTE
    ../clib/microlib/printf/printf.c         0x00000000   Number         0  printf7.o ABSOLUTE
    ../clib/microlib/printf/printf.c         0x00000000   Number         0  printf6.o ABSOLUTE
    ../clib/microlib/printf/printf.c         0x00000000   Number         0  printf5.o ABSOLUTE
    ../clib/microlib/printf/printf.c         0x00000000   Number         0  printf4.o ABSOLUTE
    ../clib/microlib/printf/stubs.s          0x00000000   Number         0  stubs.o ABSOLUTE
    ../clib/microlib/stdio/fputc.c           0x00000000   Number         0  fputc.o ABSOLUTE
    ../clib/microlib/stdio/semi.s            0x00000000   Number         0  semi.o ABSOLUTE
    ../clib/microlib/stdio/streams.c         0x00000000   Number         0  stdout.o ABSOLUTE
    ../clib/microlib/stdlib/rand.c           0x00000000   Number         0  rand.o ABSOLUTE
    ../clib/microlib/string/memcpy.c         0x00000000   Number         0  memcpya.o ABSOLUTE
    ../clib/microlib/string/memcpy.c         0x00000000   Number         0  memcpyb.o ABSOLUTE
    ../clib/microlib/string/memset.c         0x00000000   Number         0  memseta.o ABSOLUTE
    ../clib/microlib/string/strlen.c         0x00000000   Number         0  strlen.o ABSOLUTE
    ../clib/microlib/string/strstr.c         0x00000000   Number         0  strstr.o ABSOLUTE
    ../clib/microlib/stubs.s                 0x00000000   Number         0  iusefp.o ABSOLUTE
    ../clib/microlib/stubs.s                 0x00000000   Number         0  iusesemip.o ABSOLUTE
    ../clib/microlib/time/asctime.c          0x00000000   Number         0  asctime_s.o ABSOLUTE
    ../clib/microlib/time/localtime.c        0x00000000   Number         0  localtime_i.o ABSOLUTE
    ../clib/microlib/time/localtime.c        0x00000000   Number         0  localtime.o ABSOLUTE
    ../clib/microlib/time/localtime.c        0x00000000   Number         0  localtime_w.o ABSOLUTE
    ../clib/microlib/time/mktime.c           0x00000000   Number         0  mktime.o ABSOLUTE
    ../clib/microlib/time/strftime.c         0x00000000   Number         0  strftime.o ABSOLUTE
    ../clib/scanf.c                          0x00000000   Number         0  _sgetc.o ABSOLUTE
    ../clib/scanf.c                          0x00000000   Number         0  scanf_char.o ABSOLUTE
    ../clib/scanf.c                          0x00000000   Number         0  _chval.o ABSOLUTE
    ../clib/scanf.c                          0x00000000   Number         0  __0sscanf.o ABSOLUTE
    ../clib/scanf.c                          0x00000000   Number         0  _scanf.o ABSOLUTE
    ../clib/scanf.c                          0x00000000   Number         0  _scanf_int.o ABSOLUTE
    ../fplib/microlib/f2d.c                  0x00000000   Number         0  f2d.o ABSOLUTE
    ../fplib/microlib/fpadd.c                0x00000000   Number         0  dadd.o ABSOLUTE
    ../fplib/microlib/fpdiv.c                0x00000000   Number         0  fdiv.o ABSOLUTE
    ../fplib/microlib/fpdiv.c                0x00000000   Number         0  ddiv.o ABSOLUTE
    ../fplib/microlib/fpepilogue.c           0x00000000   Number         0  depilogue.o ABSOLUTE
    ../fplib/microlib/fpepilogue.c           0x00000000   Number         0  fepilogue.o ABSOLUTE
    ../fplib/microlib/fpfix.c                0x00000000   Number         0  dfixul.o ABSOLUTE
    ../fplib/microlib/fpfix.c                0x00000000   Number         0  dfixi.o ABSOLUTE
    ../fplib/microlib/fpflt.c                0x00000000   Number         0  dflti.o ABSOLUTE
    ../fplib/microlib/fpflt.c                0x00000000   Number         0  fflti.o ABSOLUTE
    ../fplib/microlib/fpmul.c                0x00000000   Number         0  dmul.o ABSOLUTE
    ../fplib/microlib/fpscalb.c              0x00000000   Number         0  dscalb.o ABSOLUTE
    Nokia5110.c                              0x00000000   Number         0  nokia5110.o ABSOLUTE
    cdcmple.s                                0x00000000   Number         0  cdcmple.o ABSOLUTE
    cdrcmple.s                               0x00000000   Number         0  cdrcmple.o ABSOLUTE
    dc.s                                     0x00000000   Number         0  dc.o ABSOLUTE
    gvge.c                                   0x00000000   Number         0  gvge.o ABSOLUTE
    gvge_ant.c                               0x00000000   Number         0  gvge_ant.o ABSOLUTE
    gvge_clock.c                             0x00000000   Number         0  gvge_clock.o ABSOLUTE
    handlers.s                               0x00000000   Number         0  handlers.o ABSOLUTE
    init.s                                   0x00000000   Number         0  init.o ABSOLUTE
    main.c                                   0x00000000   Number         0  main.o ABSOLUTE
    setup.c                                  0x00000000   Number         0  setup.o ABSOLUTE
    startup_TM4C123.s                        0x00000000   Number         0  startup_tm4c123.o ABSOLUTE
    {4E21AE2F-C9FD-43F9-914C-440EE6A121A3}   0x00000000   Number         0  TivaES.obj ABSOLUTE
    .ARM.Collect$$$$00000000                 0x00000284   Section        0  entry.o(.ARM.Collect$$$$00000000)
    .ARM.Collect$$$$00000001                 0x00000284   Section        4  entry2.o(.ARM.Collect$$$$00000001)
    .ARM.Collect$$$$00000004                 0x00000288   Section        4  entry5.o(.ARM.Collect$$$$00000004)
    .ARM.Collect$$$$00000008                 0x0000028c   Section        0  entry7b.o(.ARM.Collect$$$$00000008)
    .ARM.Collect$$$$0000000A                 0x0000028c   Section        0  entry8b.o(.ARM.Collect$$$$0000000A)
    .ARM.Collect$$$$0000000B                 0x0000028c   Section        8  entry9a.o(.ARM.Collect$$$$0000000B)
    .ARM.Collect$$$$0000000D                 0x00000294   Section        0  entry10a.o(.ARM.Collect$$$$0000000D)
    .ARM.Collect$$$$0000000F                 0x00000294   Section        0  entry11a.o(.ARM.Collect$$$$0000000F)
    .ARM.Collect$$$$00002712                 0x00000294   Section        4  entry2.o(.ARM.Collect$$$$00002712)
    __lit__00000000                          0x00000294   Data           4  entry2.o(.ARM.Collect$$$$00002712)
    .text                                    0x00000298   Section        0  rand.o(.text)
    .text                                    0x000002bc   Section        0  mktime.o(.text)
    .text                                    0x0000035c   Section        0  strftime.o(.text)
    .text                                    0x000005b0   Section        0  memcpya.o(.text)
    .text                                    0x000005d4   Section        0  memseta.o(.text)
    .text                                    0x000005f8   Section        0  strstr.o(.text)
    .text                                    0x0000061c   Section        0  strlen.o(.text)
    .text                                    0x0000062c   Section        0  __0sscanf.o(.text)
    .text                                    0x00000664   Section        0  _scanf_int.o(.text)
    .text                                    0x000007b4   Section        0  localtime_w.o(.text)
    .text                                    0x000007c0   Section        0  localtime_i.o(.text)
    .text                                    0x00000840   Section        0  _chval.o(.text)
    .text                                    0x0000085c   Section        0  scanf_char.o(.text)
    _scanf_char_input                        0x0000085d   Thumb Code    12  scanf_char.o(.text)
    .text                                    0x00000884   Section        0  _sgetc.o(.text)
    .text                                    0x000008c4   Section       36  init.o(.text)
    .text                                    0x000008e8   Section        0  isspace_c.o(.text)
    .text                                    0x000008f4   Section        0  _scanf.o(.text)
    .text                                    0x00000c20   Section        0  ctype_c.o(.text)
    i.ANT__create                            0x00000c48   Section        0  gvge_ant.o(i.ANT__create)
    i.ANT__draw                              0x00000c5a   Section        0  gvge_ant.o(i.ANT__draw)
    i.ANT__update                            0x00000c78   Section        0  gvge_ant.o(i.ANT__update)
    i.ANT__x                                 0x00000d14   Section        0  gvge_ant.o(i.ANT__x)
    i.ANT__y                                 0x00000d18   Section        0  gvge_ant.o(i.ANT__y)
    i.BTN_ROW__BTNS                          0x00000d1c   Section        0  gvge.o(i.BTN_ROW__BTNS)
    i.BTN_ROW__create                        0x00000d20   Section        0  gvge.o(i.BTN_ROW__create)
    i.BTN__click                             0x00000d2e   Section        0  gvge.o(i.BTN__click)
    i.BTN__create                            0x00000d32   Section        0  gvge.o(i.BTN__create)
    i.BTN__destroy                           0x00000d62   Section        0  gvge.o(i.BTN__destroy)
    i.BTN__init                              0x00000d8a   Section        0  gvge.o(i.BTN__init)
    i.BTN__reset                             0x00000e12   Section        0  gvge.o(i.BTN__reset)
    i.CHAR_RX                                0x00000e54   Section        0  setup.o(i.CHAR_RX)
    i.CHAR_TX                                0x00000e60   Section        0  setup.o(i.CHAR_TX)
    i.GVGE_ANT__INITDISPLAY                  0x00000e70   Section        0  gvge_ant.o(i.GVGE_ANT__INITDISPLAY)
    i.GVGE_ANT__MAIN                         0x00000e94   Section        0  main.o(i.GVGE_ANT__MAIN)
    i.GVGE_ANT__SHOWDISPLAY                  0x00000ef0   Section        0  gvge_ant.o(i.GVGE_ANT__SHOWDISPLAY)
    i.GVGE_CLOCK__MAIN                       0x00000f28   Section        0  main.o(i.GVGE_CLOCK__MAIN)
    i.GVGE__SCREEN_INVERT                    0x000010f8   Section        0  gvge.o(i.GVGE__SCREEN_INVERT)
    i.IS_THERE_A_CHAR                        0x00001118   Section        0  setup.o(i.IS_THERE_A_CHAR)
    i.Nokia5110_Clear                        0x00001130   Section        0  nokia5110.o(i.Nokia5110_Clear)
    i.Nokia5110_ClearBuffer                  0x00001154   Section        0  nokia5110.o(i.Nokia5110_ClearBuffer)
    i.Nokia5110_DisplayBuffer                0x0000116c   Section        0  nokia5110.o(i.Nokia5110_DisplayBuffer)
    i.Nokia5110_DrawFullImage                0x00001178   Section        0  nokia5110.o(i.Nokia5110_DrawFullImage)
    i.Nokia5110_Init                         0x0000119c   Section        0  nokia5110.o(i.Nokia5110_Init)
    i.Nokia5110_SetCursor                    0x000012b8   Section        0  nokia5110.o(i.Nokia5110_SetCursor)
    i.SETUP_ADC                              0x000012e8   Section        0  setup.o(i.SETUP_ADC)
    i.SETUP_PORTD                            0x00001374   Section        0  setup.o(i.SETUP_PORTD)
    i.SETUP_PORTF                            0x000013dc   Section        0  setup.o(i.SETUP_PORTF)
    i.SETUP_UART0                            0x0000146c   Section        0  setup.o(i.SETUP_UART0)
    i.STRING_TX                              0x00001504   Section        0  setup.o(i.STRING_TX)
    i.SysTick_Handler                        0x0000151c   Section        0  main.o(i.SysTick_Handler)
    i.TIMER_1MS                              0x00001550   Section        0  setup.o(i.TIMER_1MS)
    i.__scatterload_copy                     0x0000157c   Section       14  handlers.o(i.__scatterload_copy)
    i.__scatterload_null                     0x0000158a   Section        2  handlers.o(i.__scatterload_null)
    i.__scatterload_zeroinit                 0x0000158c   Section       14  handlers.o(i.__scatterload_zeroinit)
    i.clearFilledRectangle                   0x0000159a   Section        0  nokia5110.o(i.clearFilledRectangle)
    i.clearHLine                             0x000015c8   Section        0  nokia5110.o(i.clearHLine)
    i.clearPixel                             0x00001610   Section        0  nokia5110.o(i.clearPixel)
    i.drawBitmap                             0x00001644   Section        0  nokia5110.o(i.drawBitmap)
    i.drawByte                               0x00001684   Section        0  nokia5110.o(i.drawByte)
    i.drawHLine                              0x000016e4   Section        0  nokia5110.o(i.drawHLine)
    i.drawRectangle                          0x0000172c   Section        0  nokia5110.o(i.drawRectangle)
    i.drawVLine                              0x0000177c   Section        0  nokia5110.o(i.drawVLine)
    i.free                                   0x000017a4   Section        0  malloc.o(i.free)
    i.invertPixel                            0x000017f4   Section        0  nokia5110.o(i.invertPixel)
    i.lcdwrite                               0x00001834   Section        0  nokia5110.o(i.lcdwrite)
    lcdwrite                                 0x00001835   Thumb Code    48  nokia5110.o(i.lcdwrite)
    i.main                                   0x00001868   Section        0  main.o(i.main)
    i.malloc                                 0x00001b08   Section        0  malloc.o(i.malloc)
    i.setPixel                               0x00001b74   Section        0  nokia5110.o(i.setPixel)
    i.tempUpdate                             0x00001ba8   Section        0  main.o(i.tempUpdate)
    i.text                                   0x00001bb4   Section        0  nokia5110.o(i.text)
    i.time                                   0x00002080   Section        0  main.o(i.time)
    .constdata                               0x00002098   Section       44  main.o(.constdata)
    .constdata                               0x000020c4   Section     3360  nokia5110.o(.constdata)
    ASCII                                    0x000020c4   Data         480  nokia5110.o(.constdata)
    Terminal3x5                              0x000022a4   Data         288  nokia5110.o(.constdata)
    Terminal6x8                              0x000023c4   Data         480  nokia5110.o(.constdata)
    Terminal11x16                            0x000025a4   Data        2112  nokia5110.o(.constdata)
    .constdata                               0x00002de4   Section        4  gvge_ant.o(.constdata)
    .constdata                               0x00002de8   Section        4  gvge_ant.o(.constdata)
    .constdata                               0x00002dec   Section       12  gvge_ant.o(.constdata)
    .constdata                               0x00002df8   Section       12  mktime.o(.constdata)
    monlen                                   0x00002df8   Data          12  mktime.o(.constdata)
    .constdata                               0x00002e04   Section       86  strftime.o(.constdata)
    .constdata                               0x00002e5a   Section       12  localtime_i.o(.constdata)
    monlen                                   0x00002e5a   Data          12  localtime_i.o(.constdata)
    .constdata                               0x00002e66   Section       64  ctype_c.o(.constdata)
    .data                                    0x20000000   Section        8  main.o(.data)
    .data                                    0x20000008   Section        8  main.o(.data)
    .data                                    0x20000010   Section       64  main.o(.data)
    .data                                    0x20000050   Section        8  main.o(.data)
    .data                                    0x20000058   Section        8  main.o(.data)
    .data                                    0x20000060   Section        8  main.o(.data)
    .data                                    0x20000068   Section        8  main.o(.data)
    .data                                    0x20000070   Section        4  gvge_ant.o(.data)
    .data                                    0x20000074   Section        4  rand.o(.data)
    _rand_state                              0x20000074   Data           4  rand.o(.data)
    .data                                    0x20000078   Section        4  mvars.o(.data)
    .data                                    0x2000007c   Section        4  mvars.o(.data)
    .bss                                     0x20000080   Section      504  nokia5110.o(.bss)
    .bss                                     0x20000278   Section       44  localtime_w.o(.bss)
    _tms                                     0x20000278   Data          44  localtime_w.o(.bss)
    HEAP                                     0x200002a8   Section        0  startup_tm4c123.o(HEAP)
    STACK                                    0x200002a8   Section     1024  startup_tm4c123.o(STACK)
    StackMem                                 0x200002a8   Data           0  startup_tm4c123.o(STACK)

    Global Symbols

    Symbol Name                              Value     Ov Type        Size  Object(Section)

    BuildAttributes$$THM_ISAv4$E$P$D$K$B$S$7EM$VFPv3_D16$VFMA$PE$FZ_POSZERO$A:L22UL41UL21$X:L11$S22US41US21$IEEE1$IW$USESV6$~STKCKD$USESV7$~SHL$OTIME$ROPI$EBA8$MICROLIB$REQ8$PRES8$EABIv2 0x00000000   Number         0  anon$$obj.o ABSOLUTE
    __ARM_use_no_argv                        0x00000000   Number         0  main.o ABSOLUTE
    __Vectors                                0x00000000   Data           0  startup_tm4c123.o(RESET)
    _printf_a                                0x00000000   Number         0  stubs.o ABSOLUTE
    _printf_c                                0x00000000   Number         0  stubs.o ABSOLUTE
    _printf_charcount                        0x00000000   Number         0  stubs.o ABSOLUTE
    _printf_d                                0x00000000   Number         0  stubs.o ABSOLUTE
    _printf_e                                0x00000000   Number         0  stubs.o ABSOLUTE
    _printf_f                                0x00000000   Number         0  stubs.o ABSOLUTE
    _printf_flags                            0x00000000   Number         0  stubs.o ABSOLUTE
    _printf_fp_dec                           0x00000000   Number         0  stubs.o ABSOLUTE
    _printf_fp_hex                           0x00000000   Number         0  stubs.o ABSOLUTE
    _printf_g                                0x00000000   Number         0  stubs.o ABSOLUTE
    _printf_i                                0x00000000   Number         0  stubs.o ABSOLUTE
    _printf_int_dec                          0x00000000   Number         0  stubs.o ABSOLUTE
    _printf_l                                0x00000000   Number         0  stubs.o ABSOLUTE
    _printf_lc                               0x00000000   Number         0  stubs.o ABSOLUTE
    _printf_ll                               0x00000000   Number         0  stubs.o ABSOLUTE
    _printf_lld                              0x00000000   Number         0  stubs.o ABSOLUTE
    _printf_lli                              0x00000000   Number         0  stubs.o ABSOLUTE
    _printf_llo                              0x00000000   Number         0  stubs.o ABSOLUTE
    _printf_llu                              0x00000000   Number         0  stubs.o ABSOLUTE
    _printf_llx                              0x00000000   Number         0  stubs.o ABSOLUTE
    _printf_longlong_dec                     0x00000000   Number         0  stubs.o ABSOLUTE
    _printf_longlong_hex                     0x00000000   Number         0  stubs.o ABSOLUTE
    _printf_longlong_oct                     0x00000000   Number         0  stubs.o ABSOLUTE
    _printf_ls                               0x00000000   Number         0  stubs.o ABSOLUTE
    _printf_mbtowc                           0x00000000   Number         0  stubs.o ABSOLUTE
    _printf_n                                0x00000000   Number         0  stubs.o ABSOLUTE
    _printf_o                                0x00000000   Number         0  stubs.o ABSOLUTE
    _printf_p                                0x00000000   Number         0  stubs.o ABSOLUTE
    _printf_percent                          0x00000000   Number         0  stubs.o ABSOLUTE
    _printf_pre_padding                      0x00000000   Number         0  stubs.o ABSOLUTE
    _printf_return_value                     0x00000000   Number         0  stubs.o ABSOLUTE
    _printf_s                                0x00000000   Number         0  stubs.o ABSOLUTE
    _printf_sizespec                         0x00000000   Number         0  stubs.o ABSOLUTE
    _printf_str                              0x00000000   Number         0  stubs.o ABSOLUTE
    _printf_truncate_signed                  0x00000000   Number         0  stubs.o ABSOLUTE
    _printf_truncate_unsigned                0x00000000   Number         0  stubs.o ABSOLUTE
    _printf_u                                0x00000000   Number         0  stubs.o ABSOLUTE
    _printf_wc                               0x00000000   Number         0  stubs.o ABSOLUTE
    _printf_wctomb                           0x00000000   Number         0  stubs.o ABSOLUTE
    _printf_widthprec                        0x00000000   Number         0  stubs.o ABSOLUTE
    _printf_x                                0x00000000   Number         0  stubs.o ABSOLUTE
    __cpp_initialize__aeabi_                  - Undefined Weak Reference
    __cxa_finalize                            - Undefined Weak Reference
    __decompress                              - Undefined Weak Reference
    _clock_init                               - Undefined Weak Reference
    _microlib_exit                            - Undefined Weak Reference
    _scanf_longlong                           - Undefined Weak Reference
    _scanf_real                               - Undefined Weak Reference
    _scanf_string                             - Undefined Weak Reference
    Reset_Handler                            0x0000026d   Thumb Code     0  startup_tm4c123.o(RESET)
    NMI_Handler                              0x00000271   Thumb Code     2  startup_tm4c123.o(RESET)
    HardFault_Handler                        0x00000273   Thumb Code     2  startup_tm4c123.o(RESET)
    MemManage_Handler                        0x00000275   Thumb Code     2  startup_tm4c123.o(RESET)
    BusFault_Handler                         0x00000277   Thumb Code     2  startup_tm4c123.o(RESET)
    UsageFault_Handler                       0x00000279   Thumb Code     2  startup_tm4c123.o(RESET)
    SVC_Handler                              0x0000027b   Thumb Code     2  startup_tm4c123.o(RESET)
    DebugMon_Handler                         0x0000027d   Thumb Code     2  startup_tm4c123.o(RESET)
    PendSV_Handler                           0x0000027f   Thumb Code     2  startup_tm4c123.o(RESET)
    ADC0Seq0_Handler                         0x00000283   Thumb Code     0  startup_tm4c123.o(RESET)
    ADC0Seq1_Handler                         0x00000283   Thumb Code     0  startup_tm4c123.o(RESET)
    ADC0Seq2_Handler                         0x00000283   Thumb Code     0  startup_tm4c123.o(RESET)
    ADC0Seq3_Handler                         0x00000283   Thumb Code     0  startup_tm4c123.o(RESET)
    ADC1Seq0_Handler                         0x00000283   Thumb Code     0  startup_tm4c123.o(RESET)
    ADC1Seq1_Handler                         0x00000283   Thumb Code     0  startup_tm4c123.o(RESET)
    ADC1Seq2_Handler                         0x00000283   Thumb Code     0  startup_tm4c123.o(RESET)
    ADC1Seq3_Handler                         0x00000283   Thumb Code     0  startup_tm4c123.o(RESET)
    CAN0_Handler                             0x00000283   Thumb Code     0  startup_tm4c123.o(RESET)
    CAN1_Handler                             0x00000283   Thumb Code     0  startup_tm4c123.o(RESET)
    CAN2_Handler                             0x00000283   Thumb Code     0  startup_tm4c123.o(RESET)
    Comp0_Handler                            0x00000283   Thumb Code     0  startup_tm4c123.o(RESET)
    Comp1_Handler                            0x00000283   Thumb Code     0  startup_tm4c123.o(RESET)
    Comp2_Handler                            0x00000283   Thumb Code     0  startup_tm4c123.o(RESET)
    Ethernet_Handler                         0x00000283   Thumb Code     0  startup_tm4c123.o(RESET)
    ExtBus_Handler                           0x00000283   Thumb Code     0  startup_tm4c123.o(RESET)
    FPU_Handler                              0x00000283   Thumb Code     0  startup_tm4c123.o(RESET)
    Fan0_Handler                             0x00000283   Thumb Code     0  startup_tm4c123.o(RESET)
    FlashCtl_Handler                         0x00000283   Thumb Code     0  startup_tm4c123.o(RESET)
    GPIOPortA_Handler                        0x00000283   Thumb Code     0  startup_tm4c123.o(RESET)
    GPIOPortB_Handler                        0x00000283   Thumb Code     0  startup_tm4c123.o(RESET)
    GPIOPortC_Handler                        0x00000283   Thumb Code     0  startup_tm4c123.o(RESET)
    GPIOPortD_Handler                        0x00000283   Thumb Code     0  startup_tm4c123.o(RESET)
    GPIOPortE_Handler                        0x00000283   Thumb Code     0  startup_tm4c123.o(RESET)
    GPIOPortF_Handler                        0x00000283   Thumb Code     0  startup_tm4c123.o(RESET)
    GPIOPortG_Handler                        0x00000283   Thumb Code     0  startup_tm4c123.o(RESET)
    GPIOPortH_Handler                        0x00000283   Thumb Code     0  startup_tm4c123.o(RESET)
    GPIOPortJ_Handler                        0x00000283   Thumb Code     0  startup_tm4c123.o(RESET)
    GPIOPortK_Handler                        0x00000283   Thumb Code     0  startup_tm4c123.o(RESET)
    GPIOPortL_Handler                        0x00000283   Thumb Code     0  startup_tm4c123.o(RESET)
    GPIOPortM_Handler                        0x00000283   Thumb Code     0  startup_tm4c123.o(RESET)
    GPIOPortN_Handler                        0x00000283   Thumb Code     0  startup_tm4c123.o(RESET)
    GPIOPortP1_Handler                       0x00000283   Thumb Code     0  startup_tm4c123.o(RESET)
    GPIOPortP2_Handler                       0x00000283   Thumb Code     0  startup_tm4c123.o(RESET)
    GPIOPortP3_Handler                       0x00000283   Thumb Code     0  startup_tm4c123.o(RESET)
    GPIOPortP4_Handler                       0x00000283   Thumb Code     0  startup_tm4c123.o(RESET)
    GPIOPortP5_Handler                       0x00000283   Thumb Code     0  startup_tm4c123.o(RESET)
    GPIOPortP6_Handler                       0x00000283   Thumb Code     0  startup_tm4c123.o(RESET)
    GPIOPortP7_Handler                       0x00000283   Thumb Code     0  startup_tm4c123.o(RESET)
    GPIOPortP_Handler                        0x00000283   Thumb Code     0  startup_tm4c123.o(RESET)
    GPIOPortQ1_Handler                       0x00000283   Thumb Code     0  startup_tm4c123.o(RESET)
    GPIOPortQ2_Handler                       0x00000283   Thumb Code     0  startup_tm4c123.o(RESET)
    GPIOPortQ3_Handler                       0x00000283   Thumb Code     0  startup_tm4c123.o(RESET)
    GPIOPortQ4_Handler                       0x00000283   Thumb Code     0  startup_tm4c123.o(RESET)
    GPIOPortQ5_Handler                       0x00000283   Thumb Code     0  startup_tm4c123.o(RESET)
    GPIOPortQ6_Handler                       0x00000283   Thumb Code     0  startup_tm4c123.o(RESET)
    GPIOPortQ7_Handler                       0x00000283   Thumb Code     0  startup_tm4c123.o(RESET)
    GPIOPortQ_Handler                        0x00000283   Thumb Code     0  startup_tm4c123.o(RESET)
    GPIOPortR_Handler                        0x00000283   Thumb Code     0  startup_tm4c123.o(RESET)
    GPIOPortS_Handler                        0x00000283   Thumb Code     0  startup_tm4c123.o(RESET)
    Hibernate_Handler                        0x00000283   Thumb Code     0  startup_tm4c123.o(RESET)
    I2C0_Handler                             0x00000283   Thumb Code     0  startup_tm4c123.o(RESET)
    I2C1_Handler                             0x00000283   Thumb Code     0  startup_tm4c123.o(RESET)
    I2C2_Handler                             0x00000283   Thumb Code     0  startup_tm4c123.o(RESET)
    I2C3_Handler                             0x00000283   Thumb Code     0  startup_tm4c123.o(RESET)
    I2C4_Handler                             0x00000283   Thumb Code     0  startup_tm4c123.o(RESET)
    I2C5_Handler                             0x00000283   Thumb Code     0  startup_tm4c123.o(RESET)
    I2S0_Handler                             0x00000283   Thumb Code     0  startup_tm4c123.o(RESET)
    LPC0_Handler                             0x00000283   Thumb Code     0  startup_tm4c123.o(RESET)
    PECI0_Handler                            0x00000283   Thumb Code     0  startup_tm4c123.o(RESET)
    PWM0Fault_Handler                        0x00000283   Thumb Code     0  startup_tm4c123.o(RESET)
    PWM0Generator0_Handler                   0x00000283   Thumb Code     0  startup_tm4c123.o(RESET)
    PWM0Generator1_Handler                   0x00000283   Thumb Code     0  startup_tm4c123.o(RESET)
    PWM0Generator2_Handler                   0x00000283   Thumb Code     0  startup_tm4c123.o(RESET)
    PWM0Generator3_Handler                   0x00000283   Thumb Code     0  startup_tm4c123.o(RESET)
    PWM1Fault_Handler                        0x00000283   Thumb Code     0  startup_tm4c123.o(RESET)
    PWM1Generator0_Handler                   0x00000283   Thumb Code     0  startup_tm4c123.o(RESET)
    PWM1Generator1_Handler                   0x00000283   Thumb Code     0  startup_tm4c123.o(RESET)
    PWM1Generator2_Handler                   0x00000283   Thumb Code     0  startup_tm4c123.o(RESET)
    PWM1Generator3_Handler                   0x00000283   Thumb Code     0  startup_tm4c123.o(RESET)
    Quadrature0_Handler                      0x00000283   Thumb Code     0  startup_tm4c123.o(RESET)
    Quadrature1_Handler                      0x00000283   Thumb Code     0  startup_tm4c123.o(RESET)
    Quadrature2_Handler                      0x00000283   Thumb Code     0  startup_tm4c123.o(RESET)
    SSI0_Handler                             0x00000283   Thumb Code     0  startup_tm4c123.o(RESET)
    SSI1_Handler                             0x00000283   Thumb Code     0  startup_tm4c123.o(RESET)
    SSI2_Handler                             0x00000283   Thumb Code     0  startup_tm4c123.o(RESET)
    SSI3_Handler                             0x00000283   Thumb Code     0  startup_tm4c123.o(RESET)
    SysCtl_Handler                           0x00000283   Thumb Code     0  startup_tm4c123.o(RESET)
    Timer0A_Handler                          0x00000283   Thumb Code     0  startup_tm4c123.o(RESET)
    Timer0B_Handler                          0x00000283   Thumb Code     0  startup_tm4c123.o(RESET)
    Timer1A_Handler                          0x00000283   Thumb Code     0  startup_tm4c123.o(RESET)
    Timer1B_Handler                          0x00000283   Thumb Code     0  startup_tm4c123.o(RESET)
    Timer2A_Handler                          0x00000283   Thumb Code     0  startup_tm4c123.o(RESET)
    Timer2B_Handler                          0x00000283   Thumb Code     0  startup_tm4c123.o(RESET)
    Timer3A_Handler                          0x00000283   Thumb Code     0  startup_tm4c123.o(RESET)
    Timer3B_Handler                          0x00000283   Thumb Code     0  startup_tm4c123.o(RESET)
    Timer4A_Handler                          0x00000283   Thumb Code     0  startup_tm4c123.o(RESET)
    Timer4B_Handler                          0x00000283   Thumb Code     0  startup_tm4c123.o(RESET)
    Timer5A_Handler                          0x00000283   Thumb Code     0  startup_tm4c123.o(RESET)
    Timer5B_Handler                          0x00000283   Thumb Code     0  startup_tm4c123.o(RESET)
    UART0_Handler                            0x00000283   Thumb Code     0  startup_tm4c123.o(RESET)
    UART1_Handler                            0x00000283   Thumb Code     0  startup_tm4c123.o(RESET)
    UART2_Handler                            0x00000283   Thumb Code     0  startup_tm4c123.o(RESET)
    UART3_Handler                            0x00000283   Thumb Code     0  startup_tm4c123.o(RESET)
    UART4_Handler                            0x00000283   Thumb Code     0  startup_tm4c123.o(RESET)
    UART5_Handler                            0x00000283   Thumb Code     0  startup_tm4c123.o(RESET)
    UART6_Handler                            0x00000283   Thumb Code     0  startup_tm4c123.o(RESET)
    UART7_Handler                            0x00000283   Thumb Code     0  startup_tm4c123.o(RESET)
    USB0_Handler                             0x00000283   Thumb Code     0  startup_tm4c123.o(RESET)
    WDT_Handler                              0x00000283   Thumb Code     0  startup_tm4c123.o(RESET)
    WideTimer0A_Handler                      0x00000283   Thumb Code     0  startup_tm4c123.o(RESET)
    WideTimer0B_Handler                      0x00000283   Thumb Code     0  startup_tm4c123.o(RESET)
    WideTimer1A_Handler                      0x00000283   Thumb Code     0  startup_tm4c123.o(RESET)
    WideTimer1B_Handler                      0x00000283   Thumb Code     0  startup_tm4c123.o(RESET)
    WideTimer2A_Handler                      0x00000283   Thumb Code     0  startup_tm4c123.o(RESET)
    WideTimer2B_Handler                      0x00000283   Thumb Code     0  startup_tm4c123.o(RESET)
    WideTimer3A_Handler                      0x00000283   Thumb Code     0  startup_tm4c123.o(RESET)
    WideTimer3B_Handler                      0x00000283   Thumb Code     0  startup_tm4c123.o(RESET)
    WideTimer4A_Handler                      0x00000283   Thumb Code     0  startup_tm4c123.o(RESET)
    WideTimer4B_Handler                      0x00000283   Thumb Code     0  startup_tm4c123.o(RESET)
    WideTimer5A_Handler                      0x00000283   Thumb Code     0  startup_tm4c123.o(RESET)
    WideTimer5B_Handler                      0x00000283   Thumb Code     0  startup_tm4c123.o(RESET)
    uDMA_Error                               0x00000283   Thumb Code     0  startup_tm4c123.o(RESET)
    uDMA_Handler                             0x00000283   Thumb Code     0  startup_tm4c123.o(RESET)
    __main                                   0x00000285   Thumb Code     0  entry.o(.ARM.Collect$$$$00000000)
    _main_stk                                0x00000285   Thumb Code     0  entry2.o(.ARM.Collect$$$$00000001)
    _main_scatterload                        0x00000289   Thumb Code     0  entry5.o(.ARM.Collect$$$$00000004)
    __main_after_scatterload                 0x0000028d   Thumb Code     0  entry5.o(.ARM.Collect$$$$00000004)
    _main_clock                              0x0000028d   Thumb Code     0  entry7b.o(.ARM.Collect$$$$00000008)
    _main_cpp_init                           0x0000028d   Thumb Code     0  entry8b.o(.ARM.Collect$$$$0000000A)
    _main_init                               0x0000028d   Thumb Code     0  entry9a.o(.ARM.Collect$$$$0000000B)
    __rt_final_cpp                           0x00000295   Thumb Code     0  entry10a.o(.ARM.Collect$$$$0000000D)
    __rt_final_exit                          0x00000295   Thumb Code     0  entry11a.o(.ARM.Collect$$$$0000000F)
    rand                                     0x00000299   Thumb Code    20  rand.o(.text)
    srand                                    0x000002ad   Thumb Code     6  rand.o(.text)
    mktime                                   0x000002bd   Thumb Code   142  mktime.o(.text)
    strftime                                 0x0000035d   Thumb Code   416  strftime.o(.text)
    __aeabi_memcpy                           0x000005b1   Thumb Code    36  memcpya.o(.text)
    __aeabi_memcpy4                          0x000005b1   Thumb Code     0  memcpya.o(.text)
    __aeabi_memcpy8                          0x000005b1   Thumb Code     0  memcpya.o(.text)
    __aeabi_memset                           0x000005d5   Thumb Code    14  memseta.o(.text)
    __aeabi_memset4                          0x000005d5   Thumb Code     0  memseta.o(.text)
    __aeabi_memset8                          0x000005d5   Thumb Code     0  memseta.o(.text)
    __aeabi_memclr                           0x000005e3   Thumb Code     4  memseta.o(.text)
    __aeabi_memclr4                          0x000005e3   Thumb Code     0  memseta.o(.text)
    __aeabi_memclr8                          0x000005e3   Thumb Code     0  memseta.o(.text)
    _memset$wrapper                          0x000005e7   Thumb Code    18  memseta.o(.text)
    strstr                                   0x000005f9   Thumb Code    36  strstr.o(.text)
    strlen                                   0x0000061d   Thumb Code    14  strlen.o(.text)
    __0sscanf                                0x0000062d   Thumb Code    48  __0sscanf.o(.text)
    _scanf_int                               0x00000665   Thumb Code   336  _scanf_int.o(.text)
    localtime                                0x000007b5   Thumb Code     6  localtime_w.o(.text)
    _localtime                               0x000007c1   Thumb Code   122  localtime_i.o(.text)
    _chval                                   0x00000841   Thumb Code    28  _chval.o(.text)
    __vfscanf_char                           0x00000869   Thumb Code    20  scanf_char.o(.text)
    _sgetc                                   0x00000885   Thumb Code    30  _sgetc.o(.text)
    _sbackspace                              0x000008a3   Thumb Code    34  _sgetc.o(.text)
    __scatterload                            0x000008c5   Thumb Code    28  init.o(.text)
    __scatterload_rt2                        0x000008c5   Thumb Code     0  init.o(.text)
    isspace                                  0x000008e9   Thumb Code    10  isspace_c.o(.text)
    __vfscanf                                0x000008f5   Thumb Code   806  _scanf.o(.text)
    __ctype_lookup                           0x00000c21   Thumb Code    34  ctype_c.o(.text)
    ANT__create                              0x00000c49   Thumb Code    18  gvge_ant.o(i.ANT__create)
    ANT__draw                                0x00000c5b   Thumb Code    30  gvge_ant.o(i.ANT__draw)
    ANT__update                              0x00000c79   Thumb Code   146  gvge_ant.o(i.ANT__update)
    ANT__x                                   0x00000d15   Thumb Code     4  gvge_ant.o(i.ANT__x)
    ANT__y                                   0x00000d19   Thumb Code     4  gvge_ant.o(i.ANT__y)
    BTN_ROW__BTNS                            0x00000d1d   Thumb Code     4  gvge.o(i.BTN_ROW__BTNS)
    BTN_ROW__create                          0x00000d21   Thumb Code    14  gvge.o(i.BTN_ROW__create)
    BTN__click                               0x00000d2f   Thumb Code     4  gvge.o(i.BTN__click)
    BTN__create                              0x00000d33   Thumb Code    48  gvge.o(i.BTN__create)
    BTN__destroy                             0x00000d63   Thumb Code    40  gvge.o(i.BTN__destroy)
    BTN__init                                0x00000d8b   Thumb Code   136  gvge.o(i.BTN__init)
    BTN__reset                               0x00000e13   Thumb Code    66  gvge.o(i.BTN__reset)
    CHAR_RX                                  0x00000e55   Thumb Code     8  setup.o(i.CHAR_RX)
    CHAR_TX                                  0x00000e61   Thumb Code    12  setup.o(i.CHAR_TX)
    GVGE_ANT__INITDISPLAY                    0x00000e71   Thumb Code    36  gvge_ant.o(i.GVGE_ANT__INITDISPLAY)
    GVGE_ANT__MAIN                           0x00000e95   Thumb Code    80  main.o(i.GVGE_ANT__MAIN)
    GVGE_ANT__SHOWDISPLAY                    0x00000ef1   Thumb Code    56  gvge_ant.o(i.GVGE_ANT__SHOWDISPLAY)
    GVGE_CLOCK__MAIN                         0x00000f29   Thumb Code   386  main.o(i.GVGE_CLOCK__MAIN)
    GVGE__SCREEN_INVERT                      0x000010f9   Thumb Code    32  gvge.o(i.GVGE__SCREEN_INVERT)
    IS_THERE_A_CHAR                          0x00001119   Thumb Code    18  setup.o(i.IS_THERE_A_CHAR)
    Nokia5110_Clear                          0x00001131   Thumb Code    34  nokia5110.o(i.Nokia5110_Clear)
    Nokia5110_ClearBuffer                    0x00001155   Thumb Code    20  nokia5110.o(i.Nokia5110_ClearBuffer)
    Nokia5110_DisplayBuffer                  0x0000116d   Thumb Code     6  nokia5110.o(i.Nokia5110_DisplayBuffer)
    Nokia5110_DrawFullImage                  0x00001179   Thumb Code    34  nokia5110.o(i.Nokia5110_DrawFullImage)
    Nokia5110_Init                           0x0000119d   Thumb Code   256  nokia5110.o(i.Nokia5110_Init)
    Nokia5110_SetCursor                      0x000012b9   Thumb Code    46  nokia5110.o(i.Nokia5110_SetCursor)
    SETUP_ADC                                0x000012e9   Thumb Code   122  setup.o(i.SETUP_ADC)
    SETUP_PORTD                              0x00001375   Thumb Code    86  setup.o(i.SETUP_PORTD)
    SETUP_PORTF                              0x000013dd   Thumb Code   124  setup.o(i.SETUP_PORTF)
    SETUP_UART0                              0x0000146d   Thumb Code   134  setup.o(i.SETUP_UART0)
    STRING_TX                                0x00001505   Thumb Code    24  setup.o(i.STRING_TX)
    SysTick_Handler                          0x0000151d   Thumb Code    46  main.o(i.SysTick_Handler)
    TIMER_1MS                                0x00001551   Thumb Code    44  setup.o(i.TIMER_1MS)
    __scatterload_copy                       0x0000157d   Thumb Code    14  handlers.o(i.__scatterload_copy)
    __scatterload_null                       0x0000158b   Thumb Code     2  handlers.o(i.__scatterload_null)
    __scatterload_zeroinit                   0x0000158d   Thumb Code    14  handlers.o(i.__scatterload_zeroinit)
    clearFilledRectangle                     0x0000159b   Thumb Code    46  nokia5110.o(i.clearFilledRectangle)
    clearHLine                               0x000015c9   Thumb Code    66  nokia5110.o(i.clearHLine)
    clearPixel                               0x00001611   Thumb Code    48  nokia5110.o(i.clearPixel)
    drawBitmap                               0x00001645   Thumb Code    64  nokia5110.o(i.drawBitmap)
    drawByte                                 0x00001685   Thumb Code    90  nokia5110.o(i.drawByte)
    drawHLine                                0x000016e5   Thumb Code    66  nokia5110.o(i.drawHLine)
    drawRectangle                            0x0000172d   Thumb Code    80  nokia5110.o(i.drawRectangle)
    drawVLine                                0x0000177d   Thumb Code    40  nokia5110.o(i.drawVLine)
    free                                     0x000017a5   Thumb Code    76  malloc.o(i.free)
    invertPixel                              0x000017f5   Thumb Code    58  nokia5110.o(i.invertPixel)
    main                                     0x00001869   Thumb Code   660  main.o(i.main)
    malloc                                   0x00001b09   Thumb Code    92  malloc.o(i.malloc)
    setPixel                                 0x00001b75   Thumb Code    48  nokia5110.o(i.setPixel)
    tempUpdate                               0x00001ba9   Thumb Code     6  main.o(i.tempUpdate)
    text                                     0x00001bb5   Thumb Code  1228  nokia5110.o(i.text)
    time                                     0x00002081   Thumb Code    18  main.o(i.time)
    W                                        0x00002de4   Data           4  gvge_ant.o(.constdata)
    H                                        0x00002de8   Data           4  gvge_ant.o(.constdata)
    __ctype_categories                       0x00002e66   Data          64  ctype_c.o(.constdata)
    Region$$Table$$Base                      0x00002ea8   Number         0  anon$$obj.o(Region$$Table)
    Region$$Table$$Limit                     0x00002ec8   Number         0  anon$$obj.o(Region$$Table)
    CLOCK_ICON0                              0x20000000   Data           8  main.o(.data)
    CLOCK_ICON1                              0x20000008   Data           8  main.o(.data)
    REFRESH_RATE_MS                          0x20000010   Data           1  main.o(.data)
    ONESEC                                   0x20000011   Data           1  main.o(.data)
    REFRESH_SCREEN_COUNTER                   0x20000012   Data           1  main.o(.data)
    REFRESH_SCREEN                           0x20000013   Data           1  main.o(.data)
    UART_ENTER_CHAR                          0x20000014   Data           2  main.o(.data)
    CNTR                                     0x20000016   Data           2  main.o(.data)
    temp                                     0x20000018   Data           4  main.o(.data)
    UART_INSTR__THEME                        0x2000001c   Data           6  main.o(.data)
    CLOCK_ICON                               0x20000024   Data           8  main.o(.data)
    CALC_ICON                                0x2000002c   Data           8  main.o(.data)
    ANT_ICON                                 0x20000034   Data           8  main.o(.data)
    UART_INSTR__UPDTIME                      0x2000003c   Data           8  main.o(.data)
    TIMERAW                                  0x20000048   Data           8  main.o(.data)
    CALC_ICON0                               0x20000050   Data           8  main.o(.data)
    CALC_ICON1                               0x20000058   Data           8  main.o(.data)
    ANT_ICON0                                0x20000060   Data           8  main.o(.data)
    ANT_ICON1                                0x20000068   Data           8  main.o(.data)
    SEED                                     0x20000070   Data           4  gvge_ant.o(.data)
    __microlib_freelist                      0x20000078   Data           4  mvars.o(.data)
    __microlib_freelist_initialised          0x2000007c   Data           4  mvars.o(.data)
    Screen                                   0x20000080   Data         504  nokia5110.o(.bss)
    __heap_base                              0x200002a8   Data           0  startup_tm4c123.o(HEAP)
    __heap_limit                             0x200002a8   Data           0  startup_tm4c123.o(HEAP)
    __initial_sp                             0x200006a8   Data           0  startup_tm4c123.o(STACK)



==============================================================================

Memory Map of the image

  Image Entry point : 0x0000026d

  Load Region LR_1 (Base: 0x00000000, Size: 0x00002f48, Max: 0xffffffff, ABSOLUTE)

    Execution Region ER_RO (Base: 0x00000000, Size: 0x00002ec8, Max: 0xffffffff, ABSOLUTE)

    Base Addr    Size         Type   Attr      Idx    E Section Name        Object

    0x00000000   0x00000284   Code   RO          101  * RESET               startup_tm4c123.o
    0x00000284   0x00000000   Code   RO          843  * .ARM.Collect$$$$00000000  mc_w.l(entry.o)
    0x00000284   0x00000004   Code   RO         1185    .ARM.Collect$$$$00000001  mc_w.l(entry2.o)
    0x00000288   0x00000004   Code   RO         1188    .ARM.Collect$$$$00000004  mc_w.l(entry5.o)
    0x0000028c   0x00000000   Code   RO         1190    .ARM.Collect$$$$00000008  mc_w.l(entry7b.o)
    0x0000028c   0x00000000   Code   RO         1192    .ARM.Collect$$$$0000000A  mc_w.l(entry8b.o)
    0x0000028c   0x00000008   Code   RO         1193    .ARM.Collect$$$$0000000B  mc_w.l(entry9a.o)
    0x00000294   0x00000000   Code   RO         1195    .ARM.Collect$$$$0000000D  mc_w.l(entry10a.o)
    0x00000294   0x00000000   Code   RO         1197    .ARM.Collect$$$$0000000F  mc_w.l(entry11a.o)
    0x00000294   0x00000004   Code   RO         1186    .ARM.Collect$$$$00002712  mc_w.l(entry2.o)
    0x00000298   0x00000024   Code   RO          846    .text               mc_w.l(rand.o)
    0x000002bc   0x000000a0   Code   RO          853    .text               mc_w.l(mktime.o)
    0x0000035c   0x00000254   Code   RO          856    .text               mc_w.l(strftime.o)
    0x000005b0   0x00000024   Code   RO          862    .text               mc_w.l(memcpya.o)
    0x000005d4   0x00000024   Code   RO          864    .text               mc_w.l(memseta.o)
    0x000005f8   0x00000024   Code   RO          866    .text               mc_w.l(strstr.o)
    0x0000061c   0x0000000e   Code   RO          868    .text               mc_w.l(strlen.o)
    0x0000062a   0x00000002   PAD
    0x0000062c   0x00000038   Code   RO         1161    .text               mc_w.l(__0sscanf.o)
    0x00000664   0x00000150   Code   RO         1163    .text               mc_w.l(_scanf_int.o)
    0x000007b4   0x0000000c   Code   RO         1212    .text               mc_w.l(localtime_w.o)
    0x000007c0   0x00000080   Code   RO         1215    .text               mc_w.l(localtime_i.o)
    0x00000840   0x0000001c   Code   RO         1220    .text               mc_w.l(_chval.o)
    0x0000085c   0x00000028   Code   RO         1222    .text               mc_w.l(scanf_char.o)
    0x00000884   0x00000040   Code   RO         1224    .text               mc_w.l(_sgetc.o)
    0x000008c4   0x00000024   Code   RO         1235    .text               mc_w.l(init.o)
    0x000008e8   0x0000000a   Code   RO         1238    .text               mc_w.l(isspace_c.o)
    0x000008f2   0x00000002   PAD
    0x000008f4   0x0000032c   Code   RO         1240    .text               mc_w.l(_scanf.o)
    0x00000c20   0x00000028   Code   RO         1243    .text               mc_w.l(ctype_c.o)
    0x00000c48   0x00000012   Code   RO          786    i.ANT__create       gvge_ant.o
    0x00000c5a   0x0000001e   Code   RO          787    i.ANT__draw         gvge_ant.o
    0x00000c78   0x0000009c   Code   RO          788    i.ANT__update       gvge_ant.o
    0x00000d14   0x00000004   Code   RO          789    i.ANT__x            gvge_ant.o
    0x00000d18   0x00000004   Code   RO          790    i.ANT__y            gvge_ant.o
    0x00000d1c   0x00000004   Code   RO          626    i.BTN_ROW__BTNS     gvge.o
    0x00000d20   0x0000000e   Code   RO          627    i.BTN_ROW__create   gvge.o
    0x00000d2e   0x00000004   Code   RO          635    i.BTN__click        gvge.o
    0x00000d32   0x00000030   Code   RO          636    i.BTN__create       gvge.o
    0x00000d62   0x00000028   Code   RO          637    i.BTN__destroy      gvge.o
    0x00000d8a   0x00000088   Code   RO          638    i.BTN__init         gvge.o
    0x00000e12   0x00000042   Code   RO          639    i.BTN__reset        gvge.o
    0x00000e54   0x0000000c   Code   RO          514    i.CHAR_RX           setup.o
    0x00000e60   0x00000010   Code   RO          515    i.CHAR_TX           setup.o
    0x00000e70   0x00000024   Code   RO          791    i.GVGE_ANT__INITDISPLAY  gvge_ant.o
    0x00000e94   0x0000005c   Code   RO            1    i.GVGE_ANT__MAIN    main.o
    0x00000ef0   0x00000038   Code   RO          792    i.GVGE_ANT__SHOWDISPLAY  gvge_ant.o
    0x00000f28   0x000001d0   Code   RO            2    i.GVGE_CLOCK__MAIN  main.o
    0x000010f8   0x00000020   Code   RO          647    i.GVGE__SCREEN_INVERT  gvge.o
    0x00001118   0x00000018   Code   RO          518    i.IS_THERE_A_CHAR   setup.o
    0x00001130   0x00000022   Code   RO          109    i.Nokia5110_Clear   nokia5110.o
    0x00001152   0x00000002   PAD
    0x00001154   0x00000018   Code   RO          110    i.Nokia5110_ClearBuffer  nokia5110.o
    0x0000116c   0x0000000c   Code   RO          111    i.Nokia5110_DisplayBuffer  nokia5110.o
    0x00001178   0x00000022   Code   RO          112    i.Nokia5110_DrawFullImage  nokia5110.o
    0x0000119a   0x00000002   PAD
    0x0000119c   0x0000011c   Code   RO          113    i.Nokia5110_Init    nokia5110.o
    0x000012b8   0x0000002e   Code   RO          120    i.Nokia5110_SetCursor  nokia5110.o
    0x000012e6   0x00000002   PAD
    0x000012e8   0x0000008c   Code   RO          519    i.SETUP_ADC         setup.o
    0x00001374   0x00000068   Code   RO          520    i.SETUP_PORTD       setup.o
    0x000013dc   0x00000090   Code   RO          521    i.SETUP_PORTF       setup.o
    0x0000146c   0x00000098   Code   RO          522    i.SETUP_UART0       setup.o
    0x00001504   0x00000018   Code   RO          523    i.STRING_TX         setup.o
    0x0000151c   0x00000034   Code   RO            3    i.SysTick_Handler   main.o
    0x00001550   0x0000002c   Code   RO          524    i.TIMER_1MS         setup.o
    0x0000157c   0x0000000e   Code   RO         1248    i.__scatterload_copy  mc_w.l(handlers.o)
    0x0000158a   0x00000002   Code   RO         1249    i.__scatterload_null  mc_w.l(handlers.o)
    0x0000158c   0x0000000e   Code   RO         1250    i.__scatterload_zeroinit  mc_w.l(handlers.o)
    0x0000159a   0x0000002e   Code   RO          131    i.clearFilledRectangle  nokia5110.o
    0x000015c8   0x00000048   Code   RO          133    i.clearHLine        nokia5110.o
    0x00001610   0x00000034   Code   RO          135    i.clearPixel        nokia5110.o
    0x00001644   0x00000040   Code   RO          142    i.drawBitmap        nokia5110.o
    0x00001684   0x00000060   Code   RO          143    i.drawByte          nokia5110.o
    0x000016e4   0x00000048   Code   RO          152    i.drawHLine         nokia5110.o
    0x0000172c   0x00000050   Code   RO          156    i.drawRectangle     nokia5110.o
    0x0000177c   0x00000028   Code   RO          158    i.drawVLine         nokia5110.o
    0x000017a4   0x00000050   Code   RO         1133    i.free              mc_w.l(malloc.o)
    0x000017f4   0x00000040   Code   RO          164    i.invertPixel       nokia5110.o
    0x00001834   0x00000034   Code   RO          165    i.lcdwrite          nokia5110.o
    0x00001868   0x000002a0   Code   RO            4    i.main              main.o
    0x00001b08   0x0000006c   Code   RO         1134    i.malloc            mc_w.l(malloc.o)
    0x00001b74   0x00000034   Code   RO          169    i.setPixel          nokia5110.o
    0x00001ba8   0x0000000c   Code   RO            5    i.tempUpdate        main.o
    0x00001bb4   0x000004cc   Code   RO          170    i.text              nokia5110.o
    0x00002080   0x00000018   Code   RO            6    i.time              main.o
    0x00002098   0x0000002c   Data   RO            7    .constdata          main.o
    0x000020c4   0x00000d20   Data   RO          173    .constdata          nokia5110.o
    0x00002de4   0x00000004   Data   RO          793    .constdata          gvge_ant.o
    0x00002de8   0x00000004   Data   RO          794    .constdata          gvge_ant.o
    0x00002dec   0x0000000c   Data   RO          795    .constdata          gvge_ant.o
    0x00002df8   0x0000000c   Data   RO          854    .constdata          mc_w.l(mktime.o)
    0x00002e04   0x00000056   Data   RO          857    .constdata          mc_w.l(strftime.o)
    0x00002e5a   0x0000000c   Data   RO         1216    .constdata          mc_w.l(localtime_i.o)
    0x00002e66   0x00000040   Data   RO         1244    .constdata          mc_w.l(ctype_c.o)
    0x00002ea6   0x00000002   PAD
    0x00002ea8   0x00000020   Data   RO         1246    Region$$Table       anon$$obj.o


    Execution Region ER_RW (Base: 0x20000000, Size: 0x00000080, Max: 0xffffffff, ABSOLUTE)

    Base Addr    Size         Type   Attr      Idx    E Section Name        Object

    0x20000000   0x00000008   Data   RW           10    .data               main.o
    0x20000008   0x00000008   Data   RW           11    .data               main.o
    0x20000010   0x00000040   Data   RW           12    .data               main.o
    0x20000050   0x00000008   Data   RW           13    .data               main.o
    0x20000058   0x00000008   Data   RW           14    .data               main.o
    0x20000060   0x00000008   Data   RW           15    .data               main.o
    0x20000068   0x00000008   Data   RW           16    .data               main.o
    0x20000070   0x00000004   Data   RW          796    .data               gvge_ant.o
    0x20000074   0x00000004   Data   RW          847    .data               mc_w.l(rand.o)
    0x20000078   0x00000004   Data   RW         1218    .data               mc_w.l(mvars.o)
    0x2000007c   0x00000004   Data   RW         1219    .data               mc_w.l(mvars.o)


    Execution Region ER_ZI (Base: 0x20000080, Size: 0x00000628, Max: 0xffffffff, ABSOLUTE)

    Base Addr    Size         Type   Attr      Idx    E Section Name        Object

    0x20000080   0x000001f8   Zero   RW          172    .bss                nokia5110.o
    0x20000278   0x0000002c   Zero   RW         1213    .bss                mc_w.l(localtime_w.o)
    0x200002a4   0x00000004   PAD
    0x200002a8   0x00000000   Zero   RW          100    HEAP                startup_tm4c123.o
    0x200002a8   0x00000400   Zero   RW           99    STACK               startup_tm4c123.o


==============================================================================

Image component sizes


      Code (inc. data)   RO Data    RW Data    ZI Data      Debug   Object Name

       344          0          0          0          0       4815   gvge.o
       304         10         20          4          0       4009   gvge_ant.o
      1316        120         44        112          0      11432   main.o
      2352         90       3360          0        504      13316   nokia5110.o
       660         88          0          0          0       3580   setup.o
       644        620          0          0       1024        688   startup_tm4c123.o

    ----------------------------------------------------------------------
      5626        928       3456        116       1528      37840   Object Totals
         0          0         32          0          0          0   (incl. Generated)
         6          0          0          0          0          0   (incl. Padding)

    ----------------------------------------------------------------------

      Code (inc. data)   RO Data    RW Data    ZI Data      Debug   Library Member Name

        56          8          0          0          0         84   __0sscanf.o
        28          0          0          0          0         68   _chval.o
       812          6          0          0          0        112   _scanf.o
       336          0          0          0          0         96   _scanf_int.o
        64          0          0          0          0         84   _sgetc.o
        40          6         64          0          0         68   ctype_c.o
         0          0          0          0          0          0   entry.o
         0          0          0          0          0          0   entry10a.o
         0          0          0          0          0          0   entry11a.o
         8          4          0          0          0          0   entry2.o
         4          0          0          0          0          0   entry5.o
         0          0          0          0          0          0   entry7b.o
         0          0          0          0          0          0   entry8b.o
         8          4          0          0          0          0   entry9a.o
        30          0          0          0          0          0   handlers.o
        36          8          0          0          0         68   init.o
        10          0          0          0          0         68   isspace_c.o
       128          6         12          0          0         80   localtime_i.o
        12          6          0          0         44         68   localtime_w.o
       188         20          0          0          0        160   malloc.o
        36          0          0          0          0         68   memcpya.o
        36          0          0          0          0        108   memseta.o
       160         18         12          0          0         80   mktime.o
         0          0          0          8          0          0   mvars.o
        36         10          0          4          0        136   rand.o
        40          8          0          0          0         84   scanf_char.o
       596        188         86          0          0        100   strftime.o
        14          0          0          0          0         68   strlen.o
        36          0          0          0          0         80   strstr.o

    ----------------------------------------------------------------------
      2718        292        176         12         48       1680   Library Totals
         4          0          2          0          4          0   (incl. Padding)

    ----------------------------------------------------------------------

      Code (inc. data)   RO Data    RW Data    ZI Data      Debug   Library Name

      2714        292        174         12         44       1680   mc_w.l

    ----------------------------------------------------------------------
      2718        292        176         12         48       1680   Library Totals

    ----------------------------------------------------------------------

==============================================================================


      Code (inc. data)   RO Data    RW Data    ZI Data      Debug   

      8344       1220       3632        128       1576      36296   Grand Totals
      8344       1220       3632        128       1576      36296   ELF Image Totals
      8344       1220       3632        128          0          0   ROM Totals

==============================================================================

    Total RO  Size (Code + RO Data)                11976 (  11.70kB)
    Total RW  Size (RW Data + ZI Data)              1704 (   1.66kB)
    Total ROM Size (Code + RO Data + RW Data)      12104 (  11.82kB)

==============================================================================

